Component: ARM Compiler 5.06 update 6 (build 750) Tool: armlink [4d35ed]

==============================================================================

Section Cross References

    system_stm32f10x.o(i.SetSysClock) refers to system_stm32f10x.o(i.SetSysClockTo72) for SetSysClockTo72
    system_stm32f10x.o(i.SystemCoreClockUpdate) refers to system_stm32f10x.o(.data) for SystemCoreClock
    system_stm32f10x.o(i.SystemInit) refers to system_stm32f10x.o(i.SetSysClock) for SetSysClock
    startup_stm32f10x_md.o(RESET) refers to startup_stm32f10x_md.o(STACK) for __initial_sp
    startup_stm32f10x_md.o(RESET) refers to startup_stm32f10x_md.o(.text) for Reset_Handler
    startup_stm32f10x_md.o(RESET) refers to stm32f10x_it.o(i.NMI_Handler) for NMI_Handler
    startup_stm32f10x_md.o(RESET) refers to stm32f10x_it.o(i.HardFault_Handler) for HardFault_Handler
    startup_stm32f10x_md.o(RESET) refers to stm32f10x_it.o(i.MemManage_Handler) for MemManage_Handler
    startup_stm32f10x_md.o(RESET) refers to stm32f10x_it.o(i.BusFault_Handler) for BusFault_Handler
    startup_stm32f10x_md.o(RESET) refers to stm32f10x_it.o(i.UsageFault_Handler) for UsageFault_Handler
    startup_stm32f10x_md.o(RESET) refers to stm32f10x_it.o(i.SVC_Handler) for SVC_Handler
    startup_stm32f10x_md.o(RESET) refers to stm32f10x_it.o(i.DebugMon_Handler) for DebugMon_Handler
    startup_stm32f10x_md.o(RESET) refers to stm32f10x_it.o(i.PendSV_Handler) for PendSV_Handler
    startup_stm32f10x_md.o(RESET) refers to main.o(i.SysTick_Handler) for SysTick_Handler
    startup_stm32f10x_md.o(RESET) refers to usart1.o(i.DMA1_Channel4_IRQHandler) for DMA1_Channel4_IRQHandler
    startup_stm32f10x_md.o(RESET) refers to usart2.o(i.DMA1_Channel6_IRQHandler) for DMA1_Channel6_IRQHandler
    startup_stm32f10x_md.o(RESET) refers to can.o(i.USB_HP_CAN1_TX_IRQHandler) for USB_HP_CAN1_TX_IRQHandler
    startup_stm32f10x_md.o(RESET) refers to can.o(i.USB_LP_CAN1_RX0_IRQHandler) for USB_LP_CAN1_RX0_IRQHandler
    startup_stm32f10x_md.o(RESET) refers to adis16448.o(i.EXTI9_5_IRQHandler) for EXTI9_5_IRQHandler
    startup_stm32f10x_md.o(RESET) refers to delay.o(i.TIM2_IRQHandler) for TIM2_IRQHandler
    startup_stm32f10x_md.o(RESET) refers to usart1.o(i.USART1_IRQHandler) for USART1_IRQHandler
    startup_stm32f10x_md.o(RESET) refers to usart2.o(i.USART2_IRQHandler) for USART2_IRQHandler
    startup_stm32f10x_md.o(RESET) refers to usart3.o(i.USART3_IRQHandler) for USART3_IRQHandler
    startup_stm32f10x_md.o(.text) refers to system_stm32f10x.o(i.SystemInit) for SystemInit
    startup_stm32f10x_md.o(.text) refers to entry.o(.ARM.Collect$$$$00000000) for __main
    stm32f10x_can.o(i.CAN_DeInit) refers to stm32f10x_rcc.o(i.RCC_APB1PeriphResetCmd) for RCC_APB1PeriphResetCmd
    stm32f10x_can.o(i.CAN_GetITStatus) refers to stm32f10x_can.o(i.CheckITStatus) for CheckITStatus
    stm32f10x_gpio.o(i.GPIO_AFIODeInit) refers to stm32f10x_rcc.o(i.RCC_APB2PeriphResetCmd) for RCC_APB2PeriphResetCmd
    stm32f10x_gpio.o(i.GPIO_DeInit) refers to stm32f10x_rcc.o(i.RCC_APB2PeriphResetCmd) for RCC_APB2PeriphResetCmd
    stm32f10x_adc.o(i.ADC_DeInit) refers to stm32f10x_rcc.o(i.RCC_APB2PeriphResetCmd) for RCC_APB2PeriphResetCmd
    stm32f10x_rcc.o(i.RCC_GetClocksFreq) refers to stm32f10x_rcc.o(.data) for APBAHBPrescTable
    stm32f10x_rcc.o(i.RCC_WaitForHSEStartUp) refers to stm32f10x_rcc.o(i.RCC_GetFlagStatus) for RCC_GetFlagStatus
    stm32f10x_tim.o(i.TIM_DeInit) refers to stm32f10x_rcc.o(i.RCC_APB2PeriphResetCmd) for RCC_APB2PeriphResetCmd
    stm32f10x_tim.o(i.TIM_DeInit) refers to stm32f10x_rcc.o(i.RCC_APB1PeriphResetCmd) for RCC_APB1PeriphResetCmd
    stm32f10x_tim.o(i.TIM_ETRClockMode1Config) refers to stm32f10x_tim.o(i.TIM_ETRConfig) for TIM_ETRConfig
    stm32f10x_tim.o(i.TIM_ETRClockMode2Config) refers to stm32f10x_tim.o(i.TIM_ETRConfig) for TIM_ETRConfig
    stm32f10x_tim.o(i.TIM_ICInit) refers to stm32f10x_tim.o(i.TI1_Config) for TI1_Config
    stm32f10x_tim.o(i.TIM_ICInit) refers to stm32f10x_tim.o(i.TIM_SetIC1Prescaler) for TIM_SetIC1Prescaler
    stm32f10x_tim.o(i.TIM_ICInit) refers to stm32f10x_tim.o(i.TI2_Config) for TI2_Config
    stm32f10x_tim.o(i.TIM_ICInit) refers to stm32f10x_tim.o(i.TIM_SetIC2Prescaler) for TIM_SetIC2Prescaler
    stm32f10x_tim.o(i.TIM_ICInit) refers to stm32f10x_tim.o(i.TI3_Config) for TI3_Config
    stm32f10x_tim.o(i.TIM_ICInit) refers to stm32f10x_tim.o(i.TIM_SetIC3Prescaler) for TIM_SetIC3Prescaler
    stm32f10x_tim.o(i.TIM_ICInit) refers to stm32f10x_tim.o(i.TI4_Config) for TI4_Config
    stm32f10x_tim.o(i.TIM_ICInit) refers to stm32f10x_tim.o(i.TIM_SetIC4Prescaler) for TIM_SetIC4Prescaler
    stm32f10x_tim.o(i.TIM_ITRxExternalClockConfig) refers to stm32f10x_tim.o(i.TIM_SelectInputTrigger) for TIM_SelectInputTrigger
    stm32f10x_tim.o(i.TIM_PWMIConfig) refers to stm32f10x_tim.o(i.TI1_Config) for TI1_Config
    stm32f10x_tim.o(i.TIM_PWMIConfig) refers to stm32f10x_tim.o(i.TIM_SetIC1Prescaler) for TIM_SetIC1Prescaler
[...]
    ../clib/microlib/errno.c                 0x00000000   Number         0  errno.o ABSOLUTE
    ../clib/microlib/init/entry.s            0x00000000   Number         0  entry.o ABSOLUTE
    ../clib/microlib/init/entry.s            0x00000000   Number         0  entry5.o ABSOLUTE
    ../clib/microlib/init/entry.s            0x00000000   Number         0  entry8b.o ABSOLUTE
    ../clib/microlib/init/entry.s            0x00000000   Number         0  entry2.o ABSOLUTE
    ../clib/microlib/init/entry.s            0x00000000   Number         0  entry9a.o ABSOLUTE
    ../clib/microlib/init/entry.s            0x00000000   Number         0  entry7a.o ABSOLUTE
    ../clib/microlib/init/entry.s            0x00000000   Number         0  entry11a.o ABSOLUTE
    ../clib/microlib/init/entry.s            0x00000000   Number         0  entry7b.o ABSOLUTE
    ../clib/microlib/init/entry.s            0x00000000   Number         0  entry9b.o ABSOLUTE
    ../clib/microlib/init/entry.s            0x00000000   Number         0  entry8a.o ABSOLUTE
    ../clib/microlib/init/entry.s            0x00000000   Number         0  entry10a.o ABSOLUTE
    ../clib/microlib/init/entry.s            0x00000000   Number         0  entry10b.o ABSOLUTE
    ../clib/microlib/init/entry.s            0x00000000   Number         0  entry11b.o ABSOLUTE
    ../clib/microlib/longlong.c              0x00000000   Number         0  llushr.o ABSOLUTE
    ../clib/microlib/longlong.c              0x00000000   Number         0  llsshr.o ABSOLUTE
    ../clib/microlib/longlong.c              0x00000000   Number         0  llshl.o ABSOLUTE
    ../clib/microlib/stubs.s                 0x00000000   Number         0  iusefp.o ABSOLUTE
    ../fplib/microlib/d2f.c                  0x00000000   Number         0  d2f.o ABSOLUTE
    ../fplib/microlib/f2d.c                  0x00000000   Number         0  f2d.o ABSOLUTE
    ../fplib/microlib/fpadd.c                0x00000000   Number         0  dadd.o ABSOLUTE
    ../fplib/microlib/fpadd.c                0x00000000   Number         0  fadd.o ABSOLUTE
    ../fplib/microlib/fpdiv.c                0x00000000   Number         0  ddiv.o ABSOLUTE
    ../fplib/microlib/fpdiv.c                0x00000000   Number         0  fdiv.o ABSOLUTE
    ../fplib/microlib/fpepilogue.c           0x00000000   Number         0  depilogue.o ABSOLUTE
    ../fplib/microlib/fpepilogue.c           0x00000000   Number         0  fepilogue.o ABSOLUTE
    ../fplib/microlib/fpfix.c                0x00000000   Number         0  dfixi.o ABSOLUTE
    ../fplib/microlib/fpfix.c                0x00000000   Number         0  ffixi.o ABSOLUTE
    ../fplib/microlib/fpflt.c                0x00000000   Number         0  fflti.o ABSOLUTE
    ../fplib/microlib/fpflt.c                0x00000000   Number         0  dflti.o ABSOLUTE
    ../fplib/microlib/fpflt.c                0x00000000   Number         0  ffltui.o ABSOLUTE
    ../fplib/microlib/fpflt.c                0x00000000   Number         0  dfltui.o ABSOLUTE
    ../fplib/microlib/fpmul.c                0x00000000   Number         0  dmul.o ABSOLUTE
    ../fplib/microlib/fpmul.c                0x00000000   Number         0  fmul.o ABSOLUTE
    ../fplib/microlib/fpscalb.c              0x00000000   Number         0  dscalb.o ABSOLUTE
    ../mathlib/atan.c                        0x00000000   Number         0  atan_x.o ABSOLUTE
    ../mathlib/atan.c                        0x00000000   Number         0  atan.o ABSOLUTE
    ../mathlib/cos.c                         0x00000000   Number         0  cos_x.o ABSOLUTE
    ../mathlib/cos.c                         0x00000000   Number         0  cos.o ABSOLUTE
    ../mathlib/cos_i.c                       0x00000000   Number         0  cos_i.o ABSOLUTE
    ../mathlib/dunder.c                      0x00000000   Number         0  dunder.o ABSOLUTE
    ../mathlib/fpclassify.c                  0x00000000   Number         0  fpclassify.o ABSOLUTE
    ../mathlib/poly.c                        0x00000000   Number         0  poly.o ABSOLUTE
    ../mathlib/rred.c                        0x00000000   Number         0  rred.o ABSOLUTE
    ../mathlib/sin.c                         0x00000000   Number         0  sin.o ABSOLUTE
    ../mathlib/sin.c                         0x00000000   Number         0  sin_x.o ABSOLUTE
    ../mathlib/sin_i.c                       0x00000000   Number         0  sin_i.o ABSOLUTE
    ../mathlib/sin_i.c                       0x00000000   Number         0  sin_i_x.o ABSOLUTE
    ..\CM3\core_cm3.c                        0x00000000   Number         0  core_cm3.o ABSOLUTE
    ..\CM3\startup_stm32f10x_md.s            0x00000000   Number         0  startup_stm32f10x_md.o ABSOLUTE
    ..\CM3\system_stm32f10x.c                0x00000000   Number         0  system_stm32f10x.o ABSOLUTE
    ..\Hardware\ADIS16448.c                  0x00000000   Number         0  adis16448.o ABSOLUTE
    ..\Hardware\AHRS.c                       0x00000000   Number         0  ahrs.o ABSOLUTE
    ..\Hardware\PC_Task.c                    0x00000000   Number         0  pc_task.o ABSOLUTE
    ..\Hardware\Task\GYROTask.c              0x00000000   Number         0  gyrotask.o ABSOLUTE
    ..\Hardware\Task\RemoteTask.c            0x00000000   Number         0  remotetask.o ABSOLUTE
    ..\Hardware\algorithmOfCRC.c             0x00000000   Number         0  algorithmofcrc.o ABSOLUTE
    ..\Hardware\can.c                        0x00000000   Number         0  can.o ABSOLUTE
    ..\Hardware\delay.c                      0x00000000   Number         0  delay.o ABSOLUTE
    ..\Hardware\frictionWheel.c              0x00000000   Number         0  frictionwheel.o ABSOLUTE
    ..\Hardware\laser.c                      0x00000000   Number         0  laser.o ABSOLUTE
    ..\Hardware\led.c                        0x00000000   Number         0  led.o ABSOLUTE
    ..\Hardware\pid.c                        0x00000000   Number         0  pid.o ABSOLUTE
    ..\Hardware\solenoidSW.c                 0x00000000   Number         0  solenoidsw.o ABSOLUTE
    ..\Hardware\spi.c                        0x00000000   Number         0  spi.o ABSOLUTE
    ..\Hardware\usart1.c                     0x00000000   Number         0  usart1.o ABSOLUTE
    ..\Hardware\usart2.c                     0x00000000   Number         0  usart2.o ABSOLUTE
    ..\Hardware\usart3.c                     0x00000000   Number         0  usart3.o ABSOLUTE
    ..\Libraries\misc.c                      0x00000000   Number         0  misc.o ABSOLUTE
    ..\Libraries\stm32f10x_adc.c             0x00000000   Number         0  stm32f10x_adc.o ABSOLUTE
    ..\Libraries\stm32f10x_can.c             0x00000000   Number         0  stm32f10x_can.o ABSOLUTE
    ..\Libraries\stm32f10x_crc.c             0x00000000   Number         0  stm32f10x_crc.o ABSOLUTE
    ..\Libraries\stm32f10x_dma.c             0x00000000   Number         0  stm32f10x_dma.o ABSOLUTE
    ..\Libraries\stm32f10x_exti.c            0x00000000   Number         0  stm32f10x_exti.o ABSOLUTE
    ..\Libraries\stm32f10x_flash.c           0x00000000   Number         0  stm32f10x_flash.o ABSOLUTE
    ..\Libraries\stm32f10x_gpio.c            0x00000000   Number         0  stm32f10x_gpio.o ABSOLUTE
    ..\Libraries\stm32f10x_rcc.c             0x00000000   Number         0  stm32f10x_rcc.o ABSOLUTE
    ..\Libraries\stm32f10x_spi.c             0x00000000   Number         0  stm32f10x_spi.o ABSOLUTE
    ..\Libraries\stm32f10x_tim.c             0x00000000   Number         0  stm32f10x_tim.o ABSOLUTE
    ..\Libraries\stm32f10x_usart.c           0x00000000   Number         0  stm32f10x_usart.o ABSOLUTE
    ..\User\main.c                           0x00000000   Number         0  main.o ABSOLUTE
    ..\User\stm32f10x_it.c                   0x00000000   Number         0  stm32f10x_it.o ABSOLUTE
    ..\\CM3\\core_cm3.c                      0x00000000   Number         0  core_cm3.o ABSOLUTE
    cfcmple.s                                0x00000000   Number         0  cfcmple.o ABSOLUTE
    cfrcmple.s                               0x00000000   Number         0  cfrcmple.o ABSOLUTE
    dc.s                                     0x00000000   Number         0  dc.o ABSOLUTE
    handlers.s                               0x00000000   Number         0  handlers.o ABSOLUTE
    init.s                                   0x00000000   Number         0  init.o ABSOLUTE
    RESET                                    0x08000000   Section      236  startup_stm32f10x_md.o(RESET)
    .ARM.Collect$$$$00000000                 0x080000ec   Section        0  entry.o(.ARM.Collect$$$$00000000)
    .ARM.Collect$$$$00000001                 0x080000ec   Section        4  entry2.o(.ARM.Collect$$$$00000001)
    .ARM.Collect$$$$00000004                 0x080000f0   Section        4  entry5.o(.ARM.Collect$$$$00000004)
    .ARM.Collect$$$$00000008                 0x080000f4   Section        0  entry7b.o(.ARM.Collect$$$$00000008)
    .ARM.Collect$$$$0000000A                 0x080000f4   Section        0  entry8b.o(.ARM.Collect$$$$0000000A)
    .ARM.Collect$$$$0000000B                 0x080000f4   Section        8  entry9a.o(.ARM.Collect$$$$0000000B)
    .ARM.Collect$$$$0000000D                 0x080000fc   Section        0  entry10a.o(.ARM.Collect$$$$0000000D)
    .ARM.Collect$$$$0000000F                 0x080000fc   Section        0  entry11a.o(.ARM.Collect$$$$0000000F)
    .ARM.Collect$$$$00002712                 0x080000fc   Section        4  entry2.o(.ARM.Collect$$$$00002712)
    __lit__00000000                          0x080000fc   Data           4  entry2.o(.ARM.Collect$$$$00002712)
    .text                                    0x08000100   Section       36  startup_stm32f10x_md.o(.text)
    .text                                    0x08000124   Section        0  fadd.o(.text)
    .text                                    0x080001d4   Section        0  fmul.o(.text)
    .text                                    0x08000238   Section        0  fdiv.o(.text)
    .text                                    0x080002b4   Section        0  dadd.o(.text)
    .text                                    0x08000402   Section        0  dmul.o(.text)
    .text                                    0x080004e6   Section        0  ddiv.o(.text)
    .text                                    0x080005c4   Section        0  fflti.o(.text)
    .text                                    0x080005d6   Section        0  ffltui.o(.text)
    .text                                    0x080005e0   Section        0  ffixi.o(.text)
    .text                                    0x08000612   Section        0  f2d.o(.text)
    .text                                    0x08000638   Section        0  d2f.o(.text)
    .text                                    0x08000670   Section       20  cfcmple.o(.text)
    .text                                    0x08000684   Section       20  cfrcmple.o(.text)
    .text                                    0x08000698   Section        0  llshl.o(.text)
    .text                                    0x080006b6   Section        0  llsshr.o(.text)
    .text                                    0x080006da   Section        0  iusefp.o(.text)
    .text                                    0x080006da   Section        0  fepilogue.o(.text)
    .text                                    0x08000748   Section        0  depilogue.o(.text)
    .text                                    0x08000802   Section        0  dscalb.o(.text)
    .text                                    0x08000830   Section       36  init.o(.text)
    .text                                    0x08000854   Section        0  llushr.o(.text)
    .text                                    0x08000874   Section        0  dflti.o(.text)
    .text                                    0x08000896   Section        0  dfltui.o(.text)
    .text                                    0x080008b0   Section        0  dfixi.o(.text)
    .text                                    0x080008ee   Section        0  __dczerorl2.o(.text)
    i.ADIS16448_ACCL                         0x08000944   Section        0  adis16448.o(i.ADIS16448_ACCL)
    i.ADIS16448_GYRO                         0x08000978   Section        0  adis16448.o(i.ADIS16448_GYRO)
    i.ADIS16448_MAGN                         0x080009c4   Section        0  adis16448.o(i.ADIS16448_MAGN)
    i.ADIS16448_READ                         0x080009f8   Section        0  adis16448.o(i.ADIS16448_READ)
    i.ADIS16448_WRITE                        0x08000a30   Section        0  adis16448.o(i.ADIS16448_WRITE)
    i.ADIS_Init                              0x08000a8c   Section        0  adis16448.o(i.ADIS_Init)
    i.AHRSupdate                             0x08000ac8   Section        0  ahrs.o(i.AHRSupdate)
    i.Append_CRC16_Check_Sum                 0x08001054   Section        0  algorithmofcrc.o(i.Append_CRC16_Check_Sum)
    i.BusFault_Handler                       0x08001084   Section        0  stm32f10x_it.o(i.BusFault_Handler)
    i.CAN_ClearITPendingBit                  0x08001088   Section        0  stm32f10x_can.o(i.CAN_ClearITPendingBit)
    i.CAN_Configuration                      0x08001130   Section        0  can.o(i.CAN_Configuration)
    i.CAN_DeInit                             0x0800124c   Section        0  stm32f10x_can.o(i.CAN_DeInit)
    i.CAN_FilterInit                         0x08001284   Section        0  stm32f10x_can.o(i.CAN_FilterInit)
    i.CAN_GetITStatus                        0x0800138c   Section        0  stm32f10x_can.o(i.CAN_GetITStatus)
    i.CAN_ITConfig                           0x080014ac   Section        0  stm32f10x_can.o(i.CAN_ITConfig)
    i.CAN_Init                               0x080014be   Section        0  stm32f10x_can.o(i.CAN_Init)
    i.CAN_Receive                            0x080015d2   Section        0  stm32f10x_can.o(i.CAN_Receive)
    i.CAN_Transmit                           0x080016c2   Section        0  stm32f10x_can.o(i.CAN_Transmit)
    i.CheckITStatus                          0x080017e8   Section        0  stm32f10x_can.o(i.CheckITStatus)
    CheckITStatus                            0x080017e9   Thumb Code    18  stm32f10x_can.o(i.CheckITStatus)
    i.DMA1_Channel4_IRQHandler               0x080017fc   Section        0  usart1.o(i.DMA1_Channel4_IRQHandler)
    i.DMA1_Channel6_IRQHandler               0x08001830   Section        0  usart2.o(i.DMA1_Channel6_IRQHandler)
    i.DMA_ClearFlag                          0x0800189c   Section        0  stm32f10x_dma.o(i.DMA_ClearFlag)
    i.DMA_Cmd                                0x080018b8   Section        0  stm32f10x_dma.o(i.DMA_Cmd)
    i.DMA_DeInit                             0x080018d0   Section        0  stm32f10x_dma.o(i.DMA_DeInit)
    i.DMA_GetCurrDataCounter                 0x08001a1c   Section        0  stm32f10x_dma.o(i.DMA_GetCurrDataCounter)
    i.DMA_GetFlagStatus                      0x08001a24   Section        0  stm32f10x_dma.o(i.DMA_GetFlagStatus)
    i.DMA_ITConfig                           0x08001a50   Section        0  stm32f10x_dma.o(i.DMA_ITConfig)
    i.DMA_Init                               0x08001a62   Section        0  stm32f10x_dma.o(i.DMA_Init)
    i.DMA_SetCurrDataCounter                 0x08001a9e   Section        0  stm32f10x_dma.o(i.DMA_SetCurrDataCounter)
    i.DebugMon_Handler                       0x08001aa2   Section        0  stm32f10x_it.o(i.DebugMon_Handler)
    i.EXTI9_5_IRQHandler                     0x08001aa4   Section        0  adis16448.o(i.EXTI9_5_IRQHandler)
    i.EXTIX_Init                             0x08001bcc   Section        0  adis16448.o(i.EXTIX_Init)
    i.EXTI_ClearITPendingBit                 0x08001c44   Section        0  stm32f10x_exti.o(i.EXTI_ClearITPendingBit)
    i.EXTI_GetITStatus                       0x08001c50   Section        0  stm32f10x_exti.o(i.EXTI_GetITStatus)
    i.EXTI_Init                              0x08001c78   Section        0  stm32f10x_exti.o(i.EXTI_Init)
    i.FrictionWheel_Configuration            0x08001d0c   Section        0  frictionwheel.o(i.FrictionWheel_Configuration)
    i.GPIO_EXTILineConfig                    0x08001dc8   Section        0  stm32f10x_gpio.o(i.GPIO_EXTILineConfig)
    i.GPIO_Init                              0x08001e08   Section        0  stm32f10x_gpio.o(i.GPIO_Init)
    i.GPIO_ResetBits                         0x08001f1e   Section        0  stm32f10x_gpio.o(i.GPIO_ResetBits)
    i.GPIO_SetBits                           0x08001f22   Section        0  stm32f10x_gpio.o(i.GPIO_SetBits)
    i.Get_CRC16_Check_Sum                    0x08001f28   Section        0  algorithmofcrc.o(i.Get_CRC16_Check_Sum)
    i.Get_CRC8_Check_Sum                     0x08001f5c   Section        0  algorithmofcrc.o(i.Get_CRC8_Check_Sum)
    i.GyroReceiveFunc                        0x08001f80   Section        0  gyrotask.o(i.GyroReceiveFunc)
    i.HardFault_Handler                      0x08002104   Section        0  stm32f10x_it.o(i.HardFault_Handler)
    i.LASER_Configuration                    0x08002108   Section        0  laser.o(i.LASER_Configuration)
    i.LED_Configuration                      0x08002140   Section        0  led.o(i.LED_Configuration)
    i.MemManage_Handler                      0x08002174   Section        0  stm32f10x_it.o(i.MemManage_Handler)
    i.NMI_Handler                            0x08002178   Section        0  stm32f10x_it.o(i.NMI_Handler)
    i.NVIC_Init                              0x0800217c   Section        0  misc.o(i.NVIC_Init)
    i.NVIC_PriorityGroupConfig               0x080021ec   Section        0  misc.o(i.NVIC_PriorityGroupConfig)
    i.PID_Calc                               0x08002200   Section        0  pid.o(i.PID_Calc)
    i.PendSV_Handler                         0x08002280   Section        0  stm32f10x_it.o(i.PendSV_Handler)
    i.RCC_AHBPeriphClockCmd                  0x08002284   Section        0  stm32f10x_rcc.o(i.RCC_AHBPeriphClockCmd)
    i.RCC_APB1PeriphClockCmd                 0x080022a4   Section        0  stm32f10x_rcc.o(i.RCC_APB1PeriphClockCmd)
    i.RCC_APB1PeriphResetCmd                 0x080022c4   Section        0  stm32f10x_rcc.o(i.RCC_APB1PeriphResetCmd)
    i.RCC_APB2PeriphClockCmd                 0x080022e4   Section        0  stm32f10x_rcc.o(i.RCC_APB2PeriphClockCmd)
    i.RCC_APB2PeriphResetCmd                 0x08002304   Section        0  stm32f10x_rcc.o(i.RCC_APB2PeriphResetCmd)
    i.RCC_GetClocksFreq                      0x08002324   Section        0  stm32f10x_rcc.o(i.RCC_GetClocksFreq)
    i.RemoteReceiveTask                      0x080023f8   Section        0  remotetask.o(i.RemoteReceiveTask)
    i.SPI1_Init                              0x08002564   Section        0  spi.o(i.SPI1_Init)
    i.SPI1_ReadWriteByte                     0x08002610   Section        0  spi.o(i.SPI1_ReadWriteByte)
    i.SPI_Cmd                                0x08002648   Section        0  stm32f10x_spi.o(i.SPI_Cmd)
    i.SPI_I2S_GetFlagStatus                  0x08002660   Section        0  stm32f10x_spi.o(i.SPI_I2S_GetFlagStatus)
    i.SPI_I2S_ReceiveData                    0x08002672   Section        0  stm32f10x_spi.o(i.SPI_I2S_ReceiveData)
    i.SPI_I2S_SendData                       0x08002678   Section        0  stm32f10x_spi.o(i.SPI_I2S_SendData)
    i.SPI_Init                               0x0800267c   Section        0  stm32f10x_spi.o(i.SPI_Init)
    i.SVC_Handler                            0x080026b8   Section        0  stm32f10x_it.o(i.SVC_Handler)
    i.SetSysClock                            0x080026ba   Section        0  system_stm32f10x.o(i.SetSysClock)
    SetSysClock                              0x080026bb   Thumb Code     8  system_stm32f10x.o(i.SetSysClock)
    i.SetSysClockTo72                        0x080026c4   Section        0  system_stm32f10x.o(i.SetSysClockTo72)
    SetSysClockTo72                          0x080026c5   Thumb Code   214  system_stm32f10x.o(i.SetSysClockTo72)
    i.SolenoidSW_Configuration               0x080027a4   Section        0  solenoidsw.o(i.SolenoidSW_Configuration)
    i.SysTick_Handler                        0x080027d8   Section        0  main.o(i.SysTick_Handler)
    i.SystemInit                             0x0800284c   Section        0  system_stm32f10x.o(i.SystemInit)
    i.TIM2Init                               0x080028ac   Section        0  delay.o(i.TIM2Init)
    i.TIM2_IRQHandler                        0x08002920   Section        0  delay.o(i.TIM2_IRQHandler)
    i.TIM_ARRPreloadConfig                   0x08002944   Section        0  stm32f10x_tim.o(i.TIM_ARRPreloadConfig)
    i.TIM_ClearFlag                          0x0800295c   Section        0  stm32f10x_tim.o(i.TIM_ClearFlag)
    i.TIM_ClearITPendingBit                  0x08002962   Section        0  stm32f10x_tim.o(i.TIM_ClearITPendingBit)
    i.TIM_Cmd                                0x08002968   Section        0  stm32f10x_tim.o(i.TIM_Cmd)
    i.TIM_GetITStatus                        0x08002980   Section        0  stm32f10x_tim.o(i.TIM_GetITStatus)
    i.TIM_ITConfig                           0x080029a2   Section        0  stm32f10x_tim.o(i.TIM_ITConfig)
    i.TIM_OC3Init                            0x080029b4   Section        0  stm32f10x_tim.o(i.TIM_OC3Init)
    i.TIM_OC3PreloadConfig                   0x08002a54   Section        0  stm32f10x_tim.o(i.TIM_OC3PreloadConfig)
    i.TIM_OC4Init                            0x08002a68   Section        0  stm32f10x_tim.o(i.TIM_OC4Init)
    i.TIM_OC4PreloadConfig                   0x08002ae4   Section        0  stm32f10x_tim.o(i.TIM_OC4PreloadConfig)
    i.TIM_TimeBaseInit                       0x08002b00   Section        0  stm32f10x_tim.o(i.TIM_TimeBaseInit)
    i.USART1_Configuration                   0x08002ba4   Section        0  usart1.o(i.USART1_Configuration)
    i.USART1_IRQHandler                      0x08002d40   Section        0  usart1.o(i.USART1_IRQHandler)
    i.USART2_Configuration                   0x08002de8   Section        0  usart2.o(i.USART2_Configuration)
    i.USART2_IRQHandler                      0x08002f1c   Section        0  usart2.o(i.USART2_IRQHandler)
    i.USART3_Configuration                   0x08002f3c   Section        0  usart3.o(i.USART3_Configuration)
    i.USART3_IRQHandler                      0x08003048   Section        0  usart3.o(i.USART3_IRQHandler)
    i.USART_ClearITPendingBit                0x080030b0   Section        0  stm32f10x_usart.o(i.USART_ClearITPendingBit)
    i.USART_Cmd                              0x080030ce   Section        0  stm32f10x_usart.o(i.USART_Cmd)
    i.USART_DMACmd                           0x080030e6   Section        0  stm32f10x_usart.o(i.USART_DMACmd)
    i.USART_DeInit                           0x080030f8   Section        0  stm32f10x_usart.o(i.USART_DeInit)
    i.USART_GetITStatus                      0x08003194   Section        0  stm32f10x_usart.o(i.USART_GetITStatus)
    i.USART_ITConfig                         0x080031e8   Section        0  stm32f10x_usart.o(i.USART_ITConfig)
    i.USART_Init                             0x08003234   Section        0  stm32f10x_usart.o(i.USART_Init)
    i.USB_HP_CAN1_TX_IRQHandler              0x0800330c   Section        0  can.o(i.USB_HP_CAN1_TX_IRQHandler)
    i.USB_LP_CAN1_RX0_IRQHandler             0x08003328   Section        0  can.o(i.USB_LP_CAN1_RX0_IRQHandler)
    i.UsageFault_Handler                     0x080034a4   Section        0  stm32f10x_it.o(i.UsageFault_Handler)
    i.Verify_CRC16_Check_Sum                 0x080034a8   Section        0  algorithmofcrc.o(i.Verify_CRC16_Check_Sum)
    i.Verify_CRC8_Check_Sum                  0x080034e8   Section        0  algorithmofcrc.o(i.Verify_CRC8_Check_Sum)
    i.__ARM_fpclassify                       0x08003516   Section        0  fpclassify.o(i.__ARM_fpclassify)
    i.__ieee754_rem_pio2                     0x08003540   Section        0  rred.o(i.__ieee754_rem_pio2)
    i.__kernel_cos                           0x080038c8   Section        0  cos_i.o(i.__kernel_cos)
    i.__kernel_poly                          0x080039c4   Section        0  poly.o(i.__kernel_poly)
    i.__kernel_sin                           0x08003a70   Section        0  sin_i.o(i.__kernel_sin)
    i.__mathlib_dbl_infnan                   0x08003b5c   Section        0  dunder.o(i.__mathlib_dbl_infnan)
    i.__mathlib_dbl_invalid                  0x08003b62   Section        0  dunder.o(i.__mathlib_dbl_invalid)
    i.__mathlib_dbl_underflow                0x08003b70   Section        0  dunder.o(i.__mathlib_dbl_underflow)
    i.__scatterload_copy                     0x08003b80   Section       14  handlers.o(i.__scatterload_copy)
    i.__scatterload_null                     0x08003b8e   Section        2  handlers.o(i.__scatterload_null)
    i.__scatterload_zeroinit                 0x08003b90   Section       14  handlers.o(i.__scatterload_zeroinit)
    i.__set_errno                            0x08003ba0   Section        0  errno.o(i.__set_errno)
    i.atan                                   0x08003bac   Section        0  atan.o(i.atan)
    i.cos                                    0x08003dcc   Section        0  cos.o(i.cos)
    i.delay_ms                               0x08003e68   Section        0  main.o(i.delay_ms)
    i.delay_ms_2                             0x08003e84   Section        0  delay.o(i.delay_ms_2)
    i.get_accel_angle                        0x08003eb0   Section        0  ahrs.o(i.get_accel_angle)
    i.get_yaw                                0x08004048   Section        0  ahrs.o(i.get_yaw)
    i.gimbal_send_task                       0x08004270   Section        0  main.o(i.gimbal_send_task)
    i.main                                   0x080042b8   Section        0  main.o(i.main)
    i.pc_chassis2pc_gimbal_send_task         0x080042d4   Section        0  pc_task.o(i.pc_chassis2pc_gimbal_send_task)
    i.pc_gimbal2mcu_send_task                0x0800430c   Section        0  pc_task.o(i.pc_gimbal2mcu_send_task)
    i.pitch_task                             0x08004378   Section        0  main.o(i.pitch_task)
    i.sin                                    0x08004454   Section        0  sin.o(i.sin)
    i.system_Config                          0x080044f4   Section        0  main.o(i.system_Config)
    i.system_Init                            0x08004530   Section        0  main.o(i.system_Init)
    i.yaw_filtering                          0x08004594   Section        0  ahrs.o(i.yaw_filtering)
    i.zero_check_init                        0x0800467c   Section        0  main.o(i.zero_check_init)
    .constdata                               0x0800469c   Section      769  algorithmofcrc.o(.constdata)
    .constdata                               0x080049a0   Section      152  atan.o(.constdata)
    atanhi                                   0x080049a0   Data          32  atan.o(.constdata)
    atanlo                                   0x080049c0   Data          32  atan.o(.constdata)
    aTodd                                    0x080049e0   Data          40  atan.o(.constdata)
    aTeven                                   0x08004a08   Data          48  atan.o(.constdata)
    .constdata                               0x08004a38   Section       48  cos_i.o(.constdata)
    C                                        0x08004a38   Data          48  cos_i.o(.constdata)
    .constdata                               0x08004a68   Section      200  rred.o(.constdata)
    pio2s                                    0x08004a68   Data          48  rred.o(.constdata)
    twooverpi                                0x08004a98   Data         152  rred.o(.constdata)
    .constdata                               0x08004b30   Section       40  sin_i.o(.constdata)
    S                                        0x08004b30   Data          40  sin_i.o(.constdata)
    .data                                    0x20000000   Section       20  stm32f10x_rcc.o(.data)
    APBAHBPrescTable                         0x20000000   Data          16  stm32f10x_rcc.o(.data)
    ADCPrescTable                            0x20000010   Data           4  stm32f10x_rcc.o(.data)
    .data                                    0x20000014   Section      296  main.o(.data)
    bullet_time_cnt                          0x20000130   Data           4  main.o(.data)
    time_long                                0x20000134   Data           2  main.o(.data)
    ms5                                      0x20000138   Data           4  main.o(.data)
    .data                                    0x2000013c   Section        8  usart1.o(.data)
    .data                                    0x20000144   Section        4  usart3.o(.data)
    DATA_LENGTH                              0x20000144   Data           4  usart3.o(.data)
    .data                                    0x20000148   Section       24  can.o(.data)
    .data                                    0x20000160   Section        2  algorithmofcrc.o(.data)
    .data                                    0x20000164   Section        8  delay.o(.data)
    .data                                    0x2000016c   Section        4  pc_task.o(.data)
    .data                                    0x20000170   Section      264  ahrs.o(.data)
    i                                        0x20000274   Data           4  ahrs.o(.data)
    .data                                    0x20000278   Section       48  adis16448.o(.data)
    .data                                    0x200002a8   Section        4  errno.o(.data)
    _errno                                   0x200002a8   Data           4  errno.o(.data)
    .bss                                     0x200002ac   Section       20  main.o(.bss)
    .bss                                     0x200002c0   Section       55  usart1.o(.bss)
    .bss                                     0x200002f7   Section       18  usart2.o(.bss)
    .bss                                     0x20000309   Section       18  usart3.o(.bss)
    .bss                                     0x2000031c   Section       44  gyrotask.o(.bss)
    .bss                                     0x20000348   Section      464  ahrs.o(.bss)
    .bss                                     0x20000518   Section       52  remotetask.o(.bss)
    STACK                                    0x20000550   Section     1024  startup_stm32f10x_md.o(STACK)

    Global Symbols

    Symbol Name                              Value     Ov Type        Size  Object(Section)

    BuildAttributes$$THM_ISAv4$P$D$K$B$S$PE$A:L22UL41UL21$X:L11$S22US41US21$IEEE1$IW$USESV6$~STKCKD$USESV7$~SHL$OTIME$ROPI$IEEEX$EBA8$MICROLIB$REQ8$PRES8$EABIv2 0x00000000   Number         0  anon$$obj.o ABSOLUTE
    __ARM_use_no_argv                        0x00000000   Number         0  main.o ABSOLUTE
    __cpp_initialize__aeabi_                  - Undefined Weak Reference
    __cxa_finalize                            - Undefined Weak Reference
    _clock_init                               - Undefined Weak Reference
    _microlib_exit                            - Undefined Weak Reference
    __Vectors_Size                           0x000000ec   Number         0  startup_stm32f10x_md.o ABSOLUTE
    __Vectors                                0x08000000   Data           4  startup_stm32f10x_md.o(RESET)
    __Vectors_End                            0x080000ec   Data           0  startup_stm32f10x_md.o(RESET)
    __main                                   0x080000ed   Thumb Code     0  entry.o(.ARM.Collect$$$$00000000)
    _main_stk                                0x080000ed   Thumb Code     0  entry2.o(.ARM.Collect$$$$00000001)
    _main_scatterload                        0x080000f1   Thumb Code     0  entry5.o(.ARM.Collect$$$$00000004)
    __main_after_scatterload                 0x080000f5   Thumb Code     0  entry5.o(.ARM.Collect$$$$00000004)
    _main_clock                              0x080000f5   Thumb Code     0  entry7b.o(.ARM.Collect$$$$00000008)
    _main_cpp_init                           0x080000f5   Thumb Code     0  entry8b.o(.ARM.Collect$$$$0000000A)
    _main_init                               0x080000f5   Thumb Code     0  entry9a.o(.ARM.Collect$$$$0000000B)
    __rt_final_cpp                           0x080000fd   Thumb Code     0  entry10a.o(.ARM.Collect$$$$0000000D)
    __rt_final_exit                          0x080000fd   Thumb Code     0  entry11a.o(.ARM.Collect$$$$0000000F)
    Reset_Handler                            0x08000101   Thumb Code     8  startup_stm32f10x_md.o(.text)
    ADC1_2_IRQHandler                        0x0800011b   Thumb Code     0  startup_stm32f10x_md.o(.text)
    CAN1_RX1_IRQHandler                      0x0800011b   Thumb Code     0  startup_stm32f10x_md.o(.text)
    CAN1_SCE_IRQHandler                      0x0800011b   Thumb Code     0  startup_stm32f10x_md.o(.text)
    DMA1_Channel1_IRQHandler                 0x0800011b   Thumb Code     0  startup_stm32f10x_md.o(.text)
    DMA1_Channel2_IRQHandler                 0x0800011b   Thumb Code     0  startup_stm32f10x_md.o(.text)
    DMA1_Channel3_IRQHandler                 0x0800011b   Thumb Code     0  startup_stm32f10x_md.o(.text)
    DMA1_Channel5_IRQHandler                 0x0800011b   Thumb Code     0  startup_stm32f10x_md.o(.text)
    DMA1_Channel7_IRQHandler                 0x0800011b   Thumb Code     0  startup_stm32f10x_md.o(.text)
    EXTI0_IRQHandler                         0x0800011b   Thumb Code     0  startup_stm32f10x_md.o(.text)
    EXTI15_10_IRQHandler                     0x0800011b   Thumb Code     0  startup_stm32f10x_md.o(.text)
    EXTI1_IRQHandler                         0x0800011b   Thumb Code     0  startup_stm32f10x_md.o(.text)
    EXTI2_IRQHandler                         0x0800011b   Thumb Code     0  startup_stm32f10x_md.o(.text)
    EXTI3_IRQHandler                         0x0800011b   Thumb Code     0  startup_stm32f10x_md.o(.text)
    EXTI4_IRQHandler                         0x0800011b   Thumb Code     0  startup_stm32f10x_md.o(.text)
    FLASH_IRQHandler                         0x0800011b   Thumb Code     0  startup_stm32f10x_md.o(.text)
    I2C1_ER_IRQHandler                       0x0800011b   Thumb Code     0  startup_stm32f10x_md.o(.text)
    I2C1_EV_IRQHandler                       0x0800011b   Thumb Code     0  startup_stm32f10x_md.o(.text)
    I2C2_ER_IRQHandler                       0x0800011b   Thumb Code     0  startup_stm32f10x_md.o(.text)
    I2C2_EV_IRQHandler                       0x0800011b   Thumb Code     0  startup_stm32f10x_md.o(.text)
    PVD_IRQHandler                           0x0800011b   Thumb Code     0  startup_stm32f10x_md.o(.text)
    RCC_IRQHandler                           0x0800011b   Thumb Code     0  startup_stm32f10x_md.o(.text)
    RTCAlarm_IRQHandler                      0x0800011b   Thumb Code     0  startup_stm32f10x_md.o(.text)
    RTC_IRQHandler                           0x0800011b   Thumb Code     0  startup_stm32f10x_md.o(.text)
    SPI1_IRQHandler                          0x0800011b   Thumb Code     0  startup_stm32f10x_md.o(.text)
    SPI2_IRQHandler                          0x0800011b   Thumb Code     0  startup_stm32f10x_md.o(.text)
    TAMPER_IRQHandler                        0x0800011b   Thumb Code     0  startup_stm32f10x_md.o(.text)
    TIM1_BRK_IRQHandler                      0x0800011b   Thumb Code     0  startup_stm32f10x_md.o(.text)
    TIM1_CC_IRQHandler                       0x0800011b   Thumb Code     0  startup_stm32f10x_md.o(.text)
    TIM1_TRG_COM_IRQHandler                  0x0800011b   Thumb Code     0  startup_stm32f10x_md.o(.text)
    TIM1_UP_IRQHandler                       0x0800011b   Thumb Code     0  startup_stm32f10x_md.o(.text)
    TIM3_IRQHandler                          0x0800011b   Thumb Code     0  startup_stm32f10x_md.o(.text)
    TIM4_IRQHandler                          0x0800011b   Thumb Code     0  startup_stm32f10x_md.o(.text)
    USBWakeUp_IRQHandler                     0x0800011b   Thumb Code     0  startup_stm32f10x_md.o(.text)
    WWDG_IRQHandler                          0x0800011b   Thumb Code     0  startup_stm32f10x_md.o(.text)
    __aeabi_fadd                             0x08000125   Thumb Code   164  fadd.o(.text)
    __aeabi_fsub                             0x080001c9   Thumb Code     6  fadd.o(.text)
    __aeabi_frsub                            0x080001cf   Thumb Code     6  fadd.o(.text)
    __aeabi_fmul                             0x080001d5   Thumb Code   100  fmul.o(.text)
    __aeabi_fdiv                             0x08000239   Thumb Code   124  fdiv.o(.text)
    __aeabi_dadd                             0x080002b5   Thumb Code   322  dadd.o(.text)
    __aeabi_dsub                             0x080003f7   Thumb Code     6  dadd.o(.text)
    __aeabi_drsub                            0x080003fd   Thumb Code     6  dadd.o(.text)
    __aeabi_dmul                             0x08000403   Thumb Code   228  dmul.o(.text)
    __aeabi_ddiv                             0x080004e7   Thumb Code   222  ddiv.o(.text)
    __aeabi_i2f                              0x080005c5   Thumb Code    18  fflti.o(.text)
    __aeabi_ui2f                             0x080005d7   Thumb Code    10  ffltui.o(.text)
    __aeabi_f2iz                             0x080005e1   Thumb Code    50  ffixi.o(.text)
    __aeabi_f2d                              0x08000613   Thumb Code    38  f2d.o(.text)
    __aeabi_d2f                              0x08000639   Thumb Code    56  d2f.o(.text)
    __aeabi_cfcmpeq                          0x08000671   Thumb Code     0  cfcmple.o(.text)
    __aeabi_cfcmple                          0x08000671   Thumb Code    20  cfcmple.o(.text)
    __aeabi_cfrcmple                         0x08000685   Thumb Code    20  cfrcmple.o(.text)
    __aeabi_llsl                             0x08000699   Thumb Code    30  llshl.o(.text)
    _ll_shift_l                              0x08000699   Thumb Code     0  llshl.o(.text)
    __aeabi_lasr                             0x080006b7   Thumb Code    36  llsshr.o(.text)
    _ll_sshift_r                             0x080006b7   Thumb Code     0  llsshr.o(.text)
    __I$use$fp                               0x080006db   Thumb Code     0  iusefp.o(.text)
    _float_round                             0x080006db   Thumb Code    18  fepilogue.o(.text)
    _float_epilogue                          0x080006ed   Thumb Code    92  fepilogue.o(.text)
    _double_round                            0x08000749   Thumb Code    30  depilogue.o(.text)
    _double_epilogue                         0x08000767   Thumb Code   156  depilogue.o(.text)
    __ARM_scalbn                             0x08000803   Thumb Code    46  dscalb.o(.text)
    scalbn                                   0x08000803   Thumb Code     0  dscalb.o(.text)
    __scatterload                            0x08000831   Thumb Code    28  init.o(.text)
    __scatterload_rt2                        0x08000831   Thumb Code     0  init.o(.text)
    __aeabi_llsr                             0x08000855   Thumb Code    32  llushr.o(.text)
    _ll_ushift_r                             0x08000855   Thumb Code     0  llushr.o(.text)
    __aeabi_i2d                              0x08000875   Thumb Code    34  dflti.o(.text)
    __aeabi_ui2d                             0x08000897   Thumb Code    26  dfltui.o(.text)
    __aeabi_d2iz                             0x080008b1   Thumb Code    62  dfixi.o(.text)
    __decompress                             0x080008ef   Thumb Code     0  __dczerorl2.o(.text)
    __decompress1                            0x080008ef   Thumb Code    86  __dczerorl2.o(.text)
    ADIS16448_ACCL                           0x08000945   Thumb Code    46  adis16448.o(i.ADIS16448_ACCL)
    ADIS16448_GYRO                           0x08000979   Thumb Code    62  adis16448.o(i.ADIS16448_GYRO)
    ADIS16448_MAGN                           0x080009c5   Thumb Code    46  adis16448.o(i.ADIS16448_MAGN)
    ADIS16448_READ                           0x080009f9   Thumb Code    50  adis16448.o(i.ADIS16448_READ)
    ADIS16448_WRITE                          0x08000a31   Thumb Code    86  adis16448.o(i.ADIS16448_WRITE)
    ADIS_Init                                0x08000a8d   Thumb Code    58  adis16448.o(i.ADIS_Init)
    AHRSupdate                               0x08000ac9   Thumb Code  1370  ahrs.o(i.AHRSupdate)
    Append_CRC16_Check_Sum                   0x08001055   Thumb Code    44  algorithmofcrc.o(i.Append_CRC16_Check_Sum)
    BusFault_Handler                         0x08001085   Thumb Code     4  stm32f10x_it.o(i.BusFault_Handler)
    CAN_ClearITPendingBit                    0x08001089   Thumb Code   162  stm32f10x_can.o(i.CAN_ClearITPendingBit)
    CAN_Configuration                        0x08001131   Thumb Code   276  can.o(i.CAN_Configuration)
    CAN_DeInit                               0x0800124d   Thumb Code    50  stm32f10x_can.o(i.CAN_DeInit)
    CAN_FilterInit                           0x08001285   Thumb Code   258  stm32f10x_can.o(i.CAN_FilterInit)
    CAN_GetITStatus                          0x0800138d   Thumb Code   284  stm32f10x_can.o(i.CAN_GetITStatus)
    CAN_ITConfig                             0x080014ad   Thumb Code    18  stm32f10x_can.o(i.CAN_ITConfig)
    CAN_Init                                 0x080014bf   Thumb Code   276  stm32f10x_can.o(i.CAN_Init)
    CAN_Receive                              0x080015d3   Thumb Code   240  stm32f10x_can.o(i.CAN_Receive)
    CAN_Transmit                             0x080016c3   Thumb Code   294  stm32f10x_can.o(i.CAN_Transmit)
    DMA1_Channel4_IRQHandler                 0x080017fd   Thumb Code    42  usart1.o(i.DMA1_Channel4_IRQHandler)
    DMA1_Channel6_IRQHandler                 0x08001831   Thumb Code   102  usart2.o(i.DMA1_Channel6_IRQHandler)
    DMA_ClearFlag                            0x0800189d   Thumb Code    18  stm32f10x_dma.o(i.DMA_ClearFlag)
    DMA_Cmd                                  0x080018b9   Thumb Code    24  stm32f10x_dma.o(i.DMA_Cmd)
    DMA_DeInit                               0x080018d1   Thumb Code   324  stm32f10x_dma.o(i.DMA_DeInit)
    DMA_GetCurrDataCounter                   0x08001a1d   Thumb Code     8  stm32f10x_dma.o(i.DMA_GetCurrDataCounter)
    DMA_GetFlagStatus                        0x08001a25   Thumb Code    36  stm32f10x_dma.o(i.DMA_GetFlagStatus)
    DMA_ITConfig                             0x08001a51   Thumb Code    18  stm32f10x_dma.o(i.DMA_ITConfig)
    DMA_Init                                 0x08001a63   Thumb Code    60  stm32f10x_dma.o(i.DMA_Init)
    DMA_SetCurrDataCounter                   0x08001a9f   Thumb Code     4  stm32f10x_dma.o(i.DMA_SetCurrDataCounter)
    DebugMon_Handler                         0x08001aa3   Thumb Code     2  stm32f10x_it.o(i.DebugMon_Handler)
    EXTI9_5_IRQHandler                       0x08001aa5   Thumb Code   238  adis16448.o(i.EXTI9_5_IRQHandler)
    EXTIX_Init                               0x08001bcd   Thumb Code   116  adis16448.o(i.EXTIX_Init)
    EXTI_ClearITPendingBit                   0x08001c45   Thumb Code     6  stm32f10x_exti.o(i.EXTI_ClearITPendingBit)
    EXTI_GetITStatus                         0x08001c51   Thumb Code    34  stm32f10x_exti.o(i.EXTI_GetITStatus)
    EXTI_Init                                0x08001c79   Thumb Code   142  stm32f10x_exti.o(i.EXTI_Init)
    FrictionWheel_Configuration              0x08001d0d   Thumb Code   180  frictionwheel.o(i.FrictionWheel_Configuration)
    GPIO_EXTILineConfig                      0x08001dc9   Thumb Code    60  stm32f10x_gpio.o(i.GPIO_EXTILineConfig)
    GPIO_Init                                0x08001e09   Thumb Code   278  stm32f10x_gpio.o(i.GPIO_Init)
    GPIO_ResetBits                           0x08001f1f   Thumb Code     4  stm32f10x_gpio.o(i.GPIO_ResetBits)
    GPIO_SetBits                             0x08001f23   Thumb Code     4  stm32f10x_gpio.o(i.GPIO_SetBits)
    Get_CRC16_Check_Sum                      0x08001f29   Thumb Code    46  algorithmofcrc.o(i.Get_CRC16_Check_Sum)
    Get_CRC8_Check_Sum                       0x08001f5d   Thumb Code    30  algorithmofcrc.o(i.Get_CRC8_Check_Sum)
    GyroReceiveFunc                          0x08001f81   Thumb Code   378  gyrotask.o(i.GyroReceiveFunc)
    HardFault_Handler                        0x08002105   Thumb Code     4  stm32f10x_it.o(i.HardFault_Handler)
    LASER_Configuration                      0x08002109   Thumb Code    50  laser.o(i.LASER_Configuration)
    LED_Configuration                        0x08002141   Thumb Code    46  led.o(i.LED_Configuration)
    MemManage_Handler                        0x08002175   Thumb Code     4  stm32f10x_it.o(i.MemManage_Handler)
    NMI_Handler                              0x08002179   Thumb Code     2  stm32f10x_it.o(i.NMI_Handler)
    NVIC_Init                                0x0800217d   Thumb Code   100  misc.o(i.NVIC_Init)
    NVIC_PriorityGroupConfig                 0x080021ed   Thumb Code    10  misc.o(i.NVIC_PriorityGroupConfig)
    PID_Calc                                 0x08002201   Thumb Code   128  pid.o(i.PID_Calc)
    PendSV_Handler                           0x08002281   Thumb Code     2  stm32f10x_it.o(i.PendSV_Handler)
    RCC_AHBPeriphClockCmd                    0x08002285   Thumb Code    26  stm32f10x_rcc.o(i.RCC_AHBPeriphClockCmd)
    RCC_APB1PeriphClockCmd                   0x080022a5   Thumb Code    26  stm32f10x_rcc.o(i.RCC_APB1PeriphClockCmd)
    RCC_APB1PeriphResetCmd                   0x080022c5   Thumb Code    26  stm32f10x_rcc.o(i.RCC_APB1PeriphResetCmd)
    RCC_APB2PeriphClockCmd                   0x080022e5   Thumb Code    26  stm32f10x_rcc.o(i.RCC_APB2PeriphClockCmd)
    RCC_APB2PeriphResetCmd                   0x08002305   Thumb Code    26  stm32f10x_rcc.o(i.RCC_APB2PeriphResetCmd)
    RCC_GetClocksFreq                        0x08002325   Thumb Code   192  stm32f10x_rcc.o(i.RCC_GetClocksFreq)
    RemoteReceiveTask                        0x080023f9   Thumb Code   354  remotetask.o(i.RemoteReceiveTask)
    SPI1_Init                                0x08002565   Thumb Code   162  spi.o(i.SPI1_Init)
    SPI1_ReadWriteByte                       0x08002611   Thumb Code    50  spi.o(i.SPI1_ReadWriteByte)
    SPI_Cmd                                  0x08002649   Thumb Code    24  stm32f10x_spi.o(i.SPI_Cmd)
    SPI_I2S_GetFlagStatus                    0x08002661   Thumb Code    18  stm32f10x_spi.o(i.SPI_I2S_GetFlagStatus)
    SPI_I2S_ReceiveData                      0x08002673   Thumb Code     6  stm32f10x_spi.o(i.SPI_I2S_ReceiveData)
    SPI_I2S_SendData                         0x08002679   Thumb Code     4  stm32f10x_spi.o(i.SPI_I2S_SendData)
    SPI_Init                                 0x0800267d   Thumb Code    60  stm32f10x_spi.o(i.SPI_Init)
    SVC_Handler                              0x080026b9   Thumb Code     2  stm32f10x_it.o(i.SVC_Handler)
    SolenoidSW_Configuration                 0x080027a5   Thumb Code    46  solenoidsw.o(i.SolenoidSW_Configuration)
    SysTick_Handler                          0x080027d9   Thumb Code    94  main.o(i.SysTick_Handler)
    SystemInit                               0x0800284d   Thumb Code    78  system_stm32f10x.o(i.SystemInit)
    TIM2Init                                 0x080028ad   Thumb Code   116  delay.o(i.TIM2Init)
    TIM2_IRQHandler                          0x08002921   Thumb Code    32  delay.o(i.TIM2_IRQHandler)
    TIM_ARRPreloadConfig                     0x08002945   Thumb Code    24  stm32f10x_tim.o(i.TIM_ARRPreloadConfig)
    TIM_ClearFlag                            0x0800295d   Thumb Code     6  stm32f10x_tim.o(i.TIM_ClearFlag)
    TIM_ClearITPendingBit                    0x08002963   Thumb Code     6  stm32f10x_tim.o(i.TIM_ClearITPendingBit)
    TIM_Cmd                                  0x08002969   Thumb Code    24  stm32f10x_tim.o(i.TIM_Cmd)
    TIM_GetITStatus                          0x08002981   Thumb Code    34  stm32f10x_tim.o(i.TIM_GetITStatus)
    TIM_ITConfig                             0x080029a3   Thumb Code    18  stm32f10x_tim.o(i.TIM_ITConfig)
    TIM_OC3Init                              0x080029b5   Thumb Code   150  stm32f10x_tim.o(i.TIM_OC3Init)
    TIM_OC3PreloadConfig                     0x08002a55   Thumb Code    18  stm32f10x_tim.o(i.TIM_OC3PreloadConfig)
    TIM_OC4Init                              0x08002a69   Thumb Code   114  stm32f10x_tim.o(i.TIM_OC4Init)
    TIM_OC4PreloadConfig                     0x08002ae5   Thumb Code    26  stm32f10x_tim.o(i.TIM_OC4PreloadConfig)
    TIM_TimeBaseInit                         0x08002b01   Thumb Code   122  stm32f10x_tim.o(i.TIM_TimeBaseInit)
    USART1_Configuration                     0x08002ba5   Thumb Code   392  usart1.o(i.USART1_Configuration)
    USART1_IRQHandler                        0x08002d41   Thumb Code   146  usart1.o(i.USART1_IRQHandler)
    USART2_Configuration                     0x08002de9   Thumb Code   292  usart2.o(i.USART2_Configuration)
    USART2_IRQHandler                        0x08002f1d   Thumb Code    26  usart2.o(i.USART2_IRQHandler)
    USART3_Configuration                     0x08002f3d   Thumb Code   246  usart3.o(i.USART3_Configuration)
    USART3_IRQHandler                        0x08003049   Thumb Code    88  usart3.o(i.USART3_IRQHandler)
    USART_ClearITPendingBit                  0x080030b1   Thumb Code    30  stm32f10x_usart.o(i.USART_ClearITPendingBit)
    USART_Cmd                                0x080030cf   Thumb Code    24  stm32f10x_usart.o(i.USART_Cmd)
    USART_DMACmd                             0x080030e7   Thumb Code    18  stm32f10x_usart.o(i.USART_DMACmd)
    USART_DeInit                             0x080030f9   Thumb Code   134  stm32f10x_usart.o(i.USART_DeInit)
    USART_GetITStatus                        0x08003195   Thumb Code    84  stm32f10x_usart.o(i.USART_GetITStatus)
    USART_ITConfig                           0x080031e9   Thumb Code    74  stm32f10x_usart.o(i.USART_ITConfig)
    USART_Init                               0x08003235   Thumb Code   210  stm32f10x_usart.o(i.USART_Init)
    USB_HP_CAN1_TX_IRQHandler                0x0800330d   Thumb Code    22  can.o(i.USB_HP_CAN1_TX_IRQHandler)
    USB_LP_CAN1_RX0_IRQHandler               0x08003329   Thumb Code   352  can.o(i.USB_LP_CAN1_RX0_IRQHandler)
    UsageFault_Handler                       0x080034a5   Thumb Code     4  stm32f10x_it.o(i.UsageFault_Handler)
    Verify_CRC16_Check_Sum                   0x080034a9   Thumb Code    60  algorithmofcrc.o(i.Verify_CRC16_Check_Sum)
    Verify_CRC8_Check_Sum                    0x080034e9   Thumb Code    46  algorithmofcrc.o(i.Verify_CRC8_Check_Sum)
    __ARM_fpclassify                         0x08003517   Thumb Code    40  fpclassify.o(i.__ARM_fpclassify)
    __ieee754_rem_pio2                       0x08003541   Thumb Code   828  rred.o(i.__ieee754_rem_pio2)
    __kernel_cos                             0x080038c9   Thumb Code   230  cos_i.o(i.__kernel_cos)
    __kernel_poly                            0x080039c5   Thumb Code   170  poly.o(i.__kernel_poly)
    __kernel_sin                             0x08003a71   Thumb Code   224  sin_i.o(i.__kernel_sin)
    __mathlib_dbl_infnan                     0x08003b5d   Thumb Code     6  dunder.o(i.__mathlib_dbl_infnan)
    __mathlib_dbl_invalid                    0x08003b63   Thumb Code    12  dunder.o(i.__mathlib_dbl_invalid)
    __mathlib_dbl_underflow                  0x08003b71   Thumb Code    10  dunder.o(i.__mathlib_dbl_underflow)
    __scatterload_copy                       0x08003b81   Thumb Code    14  handlers.o(i.__scatterload_copy)
    __scatterload_null                       0x08003b8f   Thumb Code     2  handlers.o(i.__scatterload_null)
    __scatterload_zeroinit                   0x08003b91   Thumb Code    14  handlers.o(i.__scatterload_zeroinit)
    __set_errno                              0x08003ba1   Thumb Code     6  errno.o(i.__set_errno)
    atan                                     0x08003bad   Thumb Code   474  atan.o(i.atan)
    cos                                      0x08003dcd   Thumb Code   148  cos.o(i.cos)
    delay_ms                                 0x08003e69   Thumb Code    28  main.o(i.delay_ms)
    delay_ms_2                               0x08003e85   Thumb Code    38  delay.o(i.delay_ms_2)
    get_accel_angle                          0x08003eb1   Thumb Code   364  ahrs.o(i.get_accel_angle)
    get_yaw                                  0x08004049   Thumb Code   514  ahrs.o(i.get_yaw)
    gimbal_send_task                         0x08004271   Thumb Code    66  main.o(i.gimbal_send_task)
    main                                     0x080042b9   Thumb Code    28  main.o(i.main)
    pc_chassis2pc_gimbal_send_task           0x080042d5   Thumb Code    46  pc_task.o(i.pc_chassis2pc_gimbal_send_task)
    pc_gimbal2mcu_send_task                  0x0800430d   Thumb Code    96  pc_task.o(i.pc_gimbal2mcu_send_task)
    pitch_task                               0x08004379   Thumb Code   182  main.o(i.pitch_task)
    sin                                      0x08004455   Thumb Code   150  sin.o(i.sin)
    system_Config                            0x080044f5   Thumb Code    60  main.o(i.system_Config)
    system_Init                              0x08004531   Thumb Code    84  main.o(i.system_Init)
    yaw_filtering                            0x08004595   Thumb Code   196  ahrs.o(i.yaw_filtering)
    zero_check_init                          0x0800467d   Thumb Code    24  main.o(i.zero_check_init)
    wCRC_Table                               0x0800469c   Data         512  algorithmofcrc.o(.constdata)
    CRC8_INIT                                0x0800489c   Data           1  algorithmofcrc.o(.constdata)
    CRC8_TAB                                 0x0800489d   Data         256  algorithmofcrc.o(.constdata)
    Region$$Table$$Base                      0x08004b58   Number         0  anon$$obj.o(Region$$Table)
    Region$$Table$$Limit                     0x08004b78   Number         0  anon$$obj.o(Region$$Table)
    FrictionSpeed                            0x20000014   Data           2  main.o(.data)
    bodan_angle                              0x20000018   Data           4  main.o(.data)
    current_bodan                            0x2000001c   Data           4  main.o(.data)
    speed_PID_bodan                          0x20000020   Data          48  main.o(.data)
    pos_PID_bodan                            0x20000050   Data          48  main.o(.data)
    bodan_act_on                             0x20000080   Data           1  main.o(.data)
    bullet_num                               0x20000084   Data           4  main.o(.data)
    bodan_init_angle                         0x20000088   Data           4  main.o(.data)
    _speed_pitch                             0x2000008c   Data           4  main.o(.data)
    current_pitch                            0x20000090   Data           2  main.o(.data)
    pos_PID_pitch                            0x20000094   Data          48  main.o(.data)
    speed_PID_pitch                          0x200000c4   Data          48  main.o(.data)
    single_pos_PID                           0x200000f4   Data          48  main.o(.data)
    friction_wheel_sw                        0x20000124   Data           4  main.o(.data)
    pitch_pos                                0x20000128   Data           4  main.o(.data)
    _current_pitch                           0x2000012c   Data           2  main.o(.data)
    usart1rx                                 0x2000013c   Data           4  usart1.o(.data)
    c4_tx                                    0x20000140   Data           4  usart1.o(.data)
    motor_bodan                              0x20000148   Data           4  can.o(.data)
    chassis_motor1                           0x2000014c   Data           4  can.o(.data)
    chassis_motor2                           0x20000150   Data           4  can.o(.data)
    motor_pitch                              0x20000154   Data           6  can.o(.data)
    motor_yaw                                0x2000015a   Data           6  can.o(.data)
    CRC_INIT                                 0x20000160   Data           2  algorithmofcrc.o(.data)
    delayms                                  0x20000164   Data           4  delay.o(.data)
    delayus                                  0x20000168   Data           4  delay.o(.data)
    pc_gimbal2mcu_send_task_cnt              0x2000016c   Data           4  pc_task.o(.data)
    InitEulerAngle_Finished                  0x20000170   Data           1  ahrs.o(.data)
    Magnetoresistor_mGauss_X                 0x20000174   Data           4  ahrs.o(.data)
    Magnetoresistor_mGauss_Y                 0x20000178   Data           4  ahrs.o(.data)
    Magnetoresistor_mGauss_Z                 0x2000017c   Data           4  ahrs.o(.data)
    Accelerate_mg_X                          0x20000180   Data           4  ahrs.o(.data)
    Accelerate_mg_Y                          0x20000184   Data           4  ahrs.o(.data)
    Accelerate_mg_Z                          0x20000188   Data           4  ahrs.o(.data)
    AngularRate_dps_X                        0x2000018c   Data           4  ahrs.o(.data)
    AngularRate_dps_Y                        0x20000190   Data           4  ahrs.o(.data)
    AngularRate_dps_Z                        0x20000194   Data           4  ahrs.o(.data)
    Magnetoresistor_X                        0x20000198   Data           2  ahrs.o(.data)
    Magnetoresistor_Y                        0x2000019a   Data           2  ahrs.o(.data)
    Magnetoresistor_Z                        0x2000019c   Data           2  ahrs.o(.data)
    Accelerate_X                             0x2000019e   Data           2  ahrs.o(.data)
    Accelerate_Y                             0x200001a0   Data           2  ahrs.o(.data)
    Accelerate_Z                             0x200001a2   Data           2  ahrs.o(.data)
    AngularRate_X                            0x200001a4   Data           2  ahrs.o(.data)
    AngularRate_Y                            0x200001a6   Data           2  ahrs.o(.data)
    AngularRate_Z                            0x200001a8   Data           2  ahrs.o(.data)
    Quaternion_Calibration_ok                0x200001aa   Data           1  ahrs.o(.data)
    pitch                                    0x200001ac   Data           4  ahrs.o(.data)
    yaw                                      0x200001b0   Data           4  ahrs.o(.data)
    roll                                     0x200001b4   Data           4  ahrs.o(.data)
    pitch_plus                               0x200001b8   Data           4  ahrs.o(.data)
    yaw_plus                                 0x200001bc   Data           4  ahrs.o(.data)
    roll_plus                                0x200001c0   Data           4  ahrs.o(.data)
    EX_CNT                                   0x200001c4   Data           4  ahrs.o(.data)
    tim_cnt                                  0x200001c8   Data           4  ahrs.o(.data)
    cycle                                    0x200001cc   Data           4  ahrs.o(.data)
    zero_cnt                                 0x200001d0   Data           4  ahrs.o(.data)
    m_circle                                 0x200001d4   Data           4  ahrs.o(.data)
    angle_pitch                              0x200001d8   Data           4  ahrs.o(.data)
    gyro_pitch                               0x200001dc   Data           4  ahrs.o(.data)
    angle_yaw                                0x200001e0   Data           4  ahrs.o(.data)
    gyro_yaw                                 0x200001e4   Data           4  ahrs.o(.data)
    fliter_flag                              0x200001e8   Data           4  ahrs.o(.data)
    offset_XRS                               0x200001ec   Data           4  ahrs.o(.data)
    offset_yaw                               0x200001f0   Data           4  ahrs.o(.data)
    offset_pitch                             0x200001f4   Data           4  ahrs.o(.data)
    offset_roll                              0x200001f8   Data           4  ahrs.o(.data)
    offset_m_yaw                             0x200001fc   Data           4  ahrs.o(.data)
    offset_ax                                0x20000200   Data           4  ahrs.o(.data)
    offset_ay                                0x20000204   Data           4  ahrs.o(.data)
    offset_az                                0x20000208   Data           4  ahrs.o(.data)
    accl_pitch                               0x2000020c   Data           4  ahrs.o(.data)
    accl_pitch_last                          0x20000210   Data           4  ahrs.o(.data)
    comp_pitch                               0x20000214   Data           4  ahrs.o(.data)
    accl_roll                                0x20000218   Data           4  ahrs.o(.data)
    accl_roll_last                           0x2000021c   Data           4  ahrs.o(.data)
    comp_roll                                0x20000220   Data           4  ahrs.o(.data)
    comp_yaw                                 0x20000224   Data           4  ahrs.o(.data)
    m_yaw                                    0x20000228   Data           4  ahrs.o(.data)
    m_yaw_last                               0x2000022c   Data           4  ahrs.o(.data)
    integ_angle                              0x20000230   Data           4  ahrs.o(.data)
    accl1                                    0x20000234   Data           4  ahrs.o(.data)
    accl2                                    0x20000238   Data           4  ahrs.o(.data)
    accl3                                    0x2000023c   Data           4  ahrs.o(.data)
    XRS_gyro                                 0x20000240   Data           4  ahrs.o(.data)
    XRS_gyro_delay                           0x20000244   Data           4  ahrs.o(.data)
    XRS_gyro_last                            0x20000248   Data           4  ahrs.o(.data)
    sys_cnt                                  0x2000024c   Data           4  ahrs.o(.data)
    sys_cnt_last                             0x20000250   Data           4  ahrs.o(.data)
    sys_delay                                0x20000254   Data           4  ahrs.o(.data)
    K_pitch                                  0x20000258   Data           4  ahrs.o(.data)
    K_yaw                                    0x2000025c   Data           4  ahrs.o(.data)
    m_x                                      0x20000260   Data           4  ahrs.o(.data)
    m_y                                      0x20000264   Data           4  ahrs.o(.data)
    m_z                                      0x20000268   Data           4  ahrs.o(.data)
    PITCH                                    0x2000026c   Data           2  ahrs.o(.data)
    GY                                       0x2000026e   Data           2  ahrs.o(.data)
    GZ                                       0x20000270   Data           2  ahrs.o(.data)
    DIAG_STAT                                0x20000278   Data           2  adis16448.o(.data)
    BARO                                     0x2000027a   Data           2  adis16448.o(.data)
    TEMP                                     0x2000027c   Data           2  adis16448.o(.data)
    gyroX                                    0x20000280   Data           4  adis16448.o(.data)
    gyroY                                    0x20000284   Data           4  adis16448.o(.data)
    gyroZ                                    0x20000288   Data           4  adis16448.o(.data)
    acclX                                    0x2000028c   Data           4  adis16448.o(.data)
    acclY                                    0x20000290   Data           4  adis16448.o(.data)
    acclZ                                    0x20000294   Data           4  adis16448.o(.data)
    magnX                                    0x20000298   Data           4  adis16448.o(.data)
    magnY                                    0x2000029c   Data           4  adis16448.o(.data)
    magnZ                                    0x200002a0   Data           4  adis16448.o(.data)
    ex_cnt                                   0x200002a4   Data           4  adis16448.o(.data)
    zero_check_bodan                         0x200002ac   Data          20  main.o(.bss)
    pc_gimbal_rx                             0x200002c0   Data          11  usart1.o(.bss)
    pc_gimbal_tx                             0x200002cb   Data          11  usart1.o(.bss)
    temp                                     0x200002d6   Data          11  usart1.o(.bss)
    temp_gimbal_pc                           0x200002e1   Data          22  usart1.o(.bss)
    GYRO0_buffer                             0x200002f7   Data          18  usart2.o(.bss)
    sbus_rx_buffer                           0x20000309   Data          18  usart3.o(.bss)
    GyroReceive                              0x2000031c   Data          44  gyrotask.o(.bss)
    XRS_buff                                 0x20000348   Data         400  ahrs.o(.bss)
    MPU_accel                                0x200004d8   Data          12  ahrs.o(.bss)
    MPU_gyro                                 0x200004e4   Data          12  ahrs.o(.bss)
    m_yaw_avg                                0x200004f0   Data          40  ahrs.o(.bss)
    RemoteData                               0x20000518   Data          52  remotetask.o(.bss)
    __initial_sp                             0x20000950   Data           0  startup_stm32f10x_md.o(STACK)



==============================================================================

Memory Map of the image

  Image Entry point : 0x080000ed

  Load Region LR_IROM1 (Base: 0x08000000, Size: 0x00004e24, Max: 0x00010000, ABSOLUTE, COMPRESSED[0x00004bcc])

    Execution Region ER_IROM1 (Exec base: 0x08000000, Load base: 0x08000000, Size: 0x00004b78, Max: 0x00010000, ABSOLUTE)

    Exec Addr    Load Addr    Size         Type   Attr      Idx    E Section Name        Object

    0x08000000   0x08000000   0x000000ec   Data   RO           96    RESET               startup_stm32f10x_md.o
    0x080000ec   0x080000ec   0x00000000   Code   RO         2730  * .ARM.Collect$$$$00000000  mc_w.l(entry.o)
    0x080000ec   0x080000ec   0x00000004   Code   RO         2791    .ARM.Collect$$$$00000001  mc_w.l(entry2.o)
    0x080000f0   0x080000f0   0x00000004   Code   RO         2794    .ARM.Collect$$$$00000004  mc_w.l(entry5.o)
    0x080000f4   0x080000f4   0x00000000   Code   RO         2796    .ARM.Collect$$$$00000008  mc_w.l(entry7b.o)
    0x080000f4   0x080000f4   0x00000000   Code   RO         2798    .ARM.Collect$$$$0000000A  mc_w.l(entry8b.o)
    0x080000f4   0x080000f4   0x00000008   Code   RO         2799    .ARM.Collect$$$$0000000B  mc_w.l(entry9a.o)
    0x080000fc   0x080000fc   0x00000000   Code   RO         2801    .ARM.Collect$$$$0000000D  mc_w.l(entry10a.o)
    0x080000fc   0x080000fc   0x00000000   Code   RO         2803    .ARM.Collect$$$$0000000F  mc_w.l(entry11a.o)
    0x080000fc   0x080000fc   0x00000004   Code   RO         2792    .ARM.Collect$$$$00002712  mc_w.l(entry2.o)
    0x08000100   0x08000100   0x00000024   Code   RO           97    .text               startup_stm32f10x_md.o
    0x08000124   0x08000124   0x000000b0   Code   RO         2733    .text               mf_w.l(fadd.o)
    0x080001d4   0x080001d4   0x00000064   Code   RO         2735    .text               mf_w.l(fmul.o)
    0x08000238   0x08000238   0x0000007c   Code   RO         2737    .text               mf_w.l(fdiv.o)
    0x080002b4   0x080002b4   0x0000014e   Code   RO         2739    .text               mf_w.l(dadd.o)
    0x08000402   0x08000402   0x000000e4   Code   RO         2741    .text               mf_w.l(dmul.o)
    0x080004e6   0x080004e6   0x000000de   Code   RO         2743    .text               mf_w.l(ddiv.o)
    0x080005c4   0x080005c4   0x00000012   Code   RO         2745    .text               mf_w.l(fflti.o)
    0x080005d6   0x080005d6   0x0000000a   Code   RO         2747    .text               mf_w.l(ffltui.o)
    0x080005e0   0x080005e0   0x00000032   Code   RO         2749    .text               mf_w.l(ffixi.o)
    0x08000612   0x08000612   0x00000026   Code   RO         2751    .text               mf_w.l(f2d.o)
    0x08000638   0x08000638   0x00000038   Code   RO         2753    .text               mf_w.l(d2f.o)
    0x08000670   0x08000670   0x00000014   Code   RO         2755    .text               mf_w.l(cfcmple.o)
    0x08000684   0x08000684   0x00000014   Code   RO         2757    .text               mf_w.l(cfrcmple.o)
    0x08000698   0x08000698   0x0000001e   Code   RO         2805    .text               mc_w.l(llshl.o)
    0x080006b6   0x080006b6   0x00000024   Code   RO         2807    .text               mc_w.l(llsshr.o)
    0x080006da   0x080006da   0x00000000   Code   RO         2816    .text               mc_w.l(iusefp.o)
    0x080006da   0x080006da   0x0000006e   Code   RO         2817    .text               mf_w.l(fepilogue.o)
    0x08000748   0x08000748   0x000000ba   Code   RO         2819    .text               mf_w.l(depilogue.o)
    0x08000802   0x08000802   0x0000002e   Code   RO         2821    .text               mf_w.l(dscalb.o)
    0x08000830   0x08000830   0x00000024   Code   RO         2823    .text               mc_w.l(init.o)
    0x08000854   0x08000854   0x00000020   Code   RO         2825    .text               mc_w.l(llushr.o)
    0x08000874   0x08000874   0x00000022   Code   RO         2827    .text               mf_w.l(dflti.o)
    0x08000896   0x08000896   0x0000001a   Code   RO         2829    .text               mf_w.l(dfltui.o)
    0x080008b0   0x080008b0   0x0000003e   Code   RO         2831    .text               mf_w.l(dfixi.o)
    0x080008ee   0x080008ee   0x00000056   Code   RO         2841    .text               mc_w.l(__dczerorl2.o)
    0x08000944   0x08000944   0x00000034   Code   RO         2620    i.ADIS16448_ACCL    adis16448.o
    0x08000978   0x08000978   0x0000004c   Code   RO         2621    i.ADIS16448_GYRO    adis16448.o
    0x080009c4   0x080009c4   0x00000034   Code   RO         2622    i.ADIS16448_MAGN    adis16448.o
    0x080009f8   0x080009f8   0x00000038   Code   RO         2623    i.ADIS16448_READ    adis16448.o
    0x08000a30   0x08000a30   0x0000005c   Code   RO         2624    i.ADIS16448_WRITE   adis16448.o
    0x08000a8c   0x08000a8c   0x0000003a   Code   RO         2625    i.ADIS_Init         adis16448.o
    0x08000ac6   0x08000ac6   0x00000002   PAD
    0x08000ac8   0x08000ac8   0x0000058c   Code   RO         2580    i.AHRSupdate        ahrs.o
    0x08001054   0x08001054   0x00000030   Code   RO         2373    i.Append_CRC16_Check_Sum  algorithmofcrc.o
    0x08001084   0x08001084   0x00000004   Code   RO         2052    i.BusFault_Handler  stm32f10x_it.o
    0x08001088   0x08001088   0x000000a8   Code   RO          143    i.CAN_ClearITPendingBit  stm32f10x_can.o
    0x08001130   0x08001130   0x0000011c   Code   RO         2342    i.CAN_Configuration  can.o
    0x0800124c   0x0800124c   0x00000038   Code   RO          145    i.CAN_DeInit        stm32f10x_can.o
    0x08001284   0x08001284   0x00000108   Code   RO          147    i.CAN_FilterInit    stm32f10x_can.o
    0x0800138c   0x0800138c   0x00000120   Code   RO          149    i.CAN_GetITStatus   stm32f10x_can.o
    0x080014ac   0x080014ac   0x00000012   Code   RO          153    i.CAN_ITConfig      stm32f10x_can.o
    0x080014be   0x080014be   0x00000114   Code   RO          154    i.CAN_Init          stm32f10x_can.o
    0x080015d2   0x080015d2   0x000000f0   Code   RO          157    i.CAN_Receive       stm32f10x_can.o
    0x080016c2   0x080016c2   0x00000126   Code   RO          162    i.CAN_Transmit      stm32f10x_can.o
    0x080017e8   0x080017e8   0x00000012   Code   RO          165    i.CheckITStatus     stm32f10x_can.o
    0x080017fa   0x080017fa   0x00000002   PAD
    0x080017fc   0x080017fc   0x00000034   Code   RO         2265    i.DMA1_Channel4_IRQHandler  usart1.o
    0x08001830   0x08001830   0x0000006c   Code   RO         2293    i.DMA1_Channel6_IRQHandler  usart2.o
    0x0800189c   0x0800189c   0x0000001c   Code   RO         1560    i.DMA_ClearFlag     stm32f10x_dma.o
    0x080018b8   0x080018b8   0x00000018   Code   RO         1562    i.DMA_Cmd           stm32f10x_dma.o
    0x080018d0   0x080018d0   0x0000014c   Code   RO         1563    i.DMA_DeInit        stm32f10x_dma.o
    0x08001a1c   0x08001a1c   0x00000008   Code   RO         1564    i.DMA_GetCurrDataCounter  stm32f10x_dma.o
    0x08001a24   0x08001a24   0x0000002c   Code   RO         1565    i.DMA_GetFlagStatus  stm32f10x_dma.o
    0x08001a50   0x08001a50   0x00000012   Code   RO         1567    i.DMA_ITConfig      stm32f10x_dma.o
    0x08001a62   0x08001a62   0x0000003c   Code   RO         1568    i.DMA_Init          stm32f10x_dma.o
    0x08001a9e   0x08001a9e   0x00000004   Code   RO         1569    i.DMA_SetCurrDataCounter  stm32f10x_dma.o
    0x08001aa2   0x08001aa2   0x00000002   Code   RO         2053    i.DebugMon_Handler  stm32f10x_it.o
    0x08001aa4   0x08001aa4   0x00000128   Code   RO         2626    i.EXTI9_5_IRQHandler  adis16448.o
    0x08001bcc   0x08001bcc   0x00000078   Code   RO         2627    i.EXTIX_Init        adis16448.o
    0x08001c44   0x08001c44   0x0000000c   Code   RO         1807    i.EXTI_ClearITPendingBit  stm32f10x_exti.o
    0x08001c50   0x08001c50   0x00000028   Code   RO         1811    i.EXTI_GetITStatus  stm32f10x_exti.o
    0x08001c78   0x08001c78   0x00000094   Code   RO         1812    i.EXTI_Init         stm32f10x_exti.o
    0x08001d0c   0x08001d0c   0x000000bc   Code   RO         2419    i.FrictionWheel_Configuration  frictionwheel.o
    0x08001dc8   0x08001dc8   0x00000040   Code   RO          299    i.GPIO_EXTILineConfig  stm32f10x_gpio.o
    0x08001e08   0x08001e08   0x00000116   Code   RO          302    i.GPIO_Init         stm32f10x_gpio.o
    0x08001f1e   0x08001f1e   0x00000004   Code   RO          309    i.GPIO_ResetBits    stm32f10x_gpio.o
    0x08001f22   0x08001f22   0x00000004   Code   RO          310    i.GPIO_SetBits      stm32f10x_gpio.o
    0x08001f26   0x08001f26   0x00000002   PAD
    0x08001f28   0x08001f28   0x00000034   Code   RO         2375    i.Get_CRC16_Check_Sum  algorithmofcrc.o
    0x08001f5c   0x08001f5c   0x00000024   Code   RO         2376    i.Get_CRC8_Check_Sum  algorithmofcrc.o
    0x08001f80   0x08001f80   0x00000184   Code   RO         2531    i.GyroReceiveFunc   gyrotask.o
    0x08002104   0x08002104   0x00000004   Code   RO         2054    i.HardFault_Handler  stm32f10x_it.o
    0x08002108   0x08002108   0x00000038   Code   RO         2437    i.LASER_Configuration  laser.o
    0x08002140   0x08002140   0x00000034   Code   RO         2506    i.LED_Configuration  led.o
    0x08002174   0x08002174   0x00000004   Code   RO         2055    i.MemManage_Handler  stm32f10x_it.o
    0x08002178   0x08002178   0x00000002   Code   RO         2056    i.NMI_Handler       stm32f10x_it.o
    0x0800217a   0x0800217a   0x00000002   PAD
    0x0800217c   0x0800217c   0x00000070   Code   RO          101    i.NVIC_Init         misc.o
    0x080021ec   0x080021ec   0x00000014   Code   RO          102    i.NVIC_PriorityGroupConfig  misc.o
    0x08002200   0x08002200   0x00000080   Code   RO         2518    i.PID_Calc          pid.o
    0x08002280   0x08002280   0x00000002   Code   RO         2057    i.PendSV_Handler    stm32f10x_it.o
    0x08002282   0x08002282   0x00000002   PAD
    0x08002284   0x08002284   0x00000020   Code   RO          633    i.RCC_AHBPeriphClockCmd  stm32f10x_rcc.o
    0x080022a4   0x080022a4   0x00000020   Code   RO          634    i.RCC_APB1PeriphClockCmd  stm32f10x_rcc.o
    0x080022c4   0x080022c4   0x00000020   Code   RO          635    i.RCC_APB1PeriphResetCmd  stm32f10x_rcc.o
    0x080022e4   0x080022e4   0x00000020   Code   RO          636    i.RCC_APB2PeriphClockCmd  stm32f10x_rcc.o
    0x08002304   0x08002304   0x00000020   Code   RO          637    i.RCC_APB2PeriphResetCmd  stm32f10x_rcc.o
    0x08002324   0x08002324   0x000000d4   Code   RO          644    i.RCC_GetClocksFreq  stm32f10x_rcc.o
    0x080023f8   0x080023f8   0x0000016c   Code   RO         2679    i.RemoteReceiveTask  remotetask.o
    0x08002564   0x08002564   0x000000ac   Code   RO         2449    i.SPI1_Init         spi.o
    0x08002610   0x08002610   0x00000038   Code   RO         2450    i.SPI1_ReadWriteByte  spi.o
    0x08002648   0x08002648   0x00000018   Code   RO         1910    i.SPI_Cmd           stm32f10x_spi.o
    0x08002660   0x08002660   0x00000012   Code   RO         1918    i.SPI_I2S_GetFlagStatus  stm32f10x_spi.o
    0x08002672   0x08002672   0x00000006   Code   RO         1921    i.SPI_I2S_ReceiveData  stm32f10x_spi.o
    0x08002678   0x08002678   0x00000004   Code   RO         1922    i.SPI_I2S_SendData  stm32f10x_spi.o
    0x0800267c   0x0800267c   0x0000003c   Code   RO         1923    i.SPI_Init          stm32f10x_spi.o
    0x080026b8   0x080026b8   0x00000002   Code   RO         2058    i.SVC_Handler       stm32f10x_it.o
    0x080026ba   0x080026ba   0x00000008   Code   RO            1    i.SetSysClock       system_stm32f10x.o
    0x080026c2   0x080026c2   0x00000002   PAD
    0x080026c4   0x080026c4   0x000000e0   Code   RO            2    i.SetSysClockTo72   system_stm32f10x.o
    0x080027a4   0x080027a4   0x00000034   Code   RO         2467    i.SolenoidSW_Configuration  solenoidsw.o
    0x080027d8   0x080027d8   0x00000074   Code   RO         2109    i.SysTick_Handler   main.o
    0x0800284c   0x0800284c   0x00000060   Code   RO            4    i.SystemInit        system_stm32f10x.o
    0x080028ac   0x080028ac   0x00000074   Code   RO         2479    i.TIM2Init          delay.o
    0x08002920   0x08002920   0x00000024   Code   RO         2480    i.TIM2_IRQHandler   delay.o
    0x08002944   0x08002944   0x00000018   Code   RO          836    i.TIM_ARRPreloadConfig  stm32f10x_tim.o
    0x0800295c   0x0800295c   0x00000006   Code   RO          842    i.TIM_ClearFlag     stm32f10x_tim.o
    0x08002962   0x08002962   0x00000006   Code   RO          843    i.TIM_ClearITPendingBit  stm32f10x_tim.o
    0x08002968   0x08002968   0x00000018   Code   RO          848    i.TIM_Cmd           stm32f10x_tim.o
    0x08002980   0x08002980   0x00000022   Code   RO          869    i.TIM_GetITStatus   stm32f10x_tim.o
    0x080029a2   0x080029a2   0x00000012   Code   RO          873    i.TIM_ITConfig      stm32f10x_tim.o
    0x080029b4   0x080029b4   0x000000a0   Code   RO          887    i.TIM_OC3Init       stm32f10x_tim.o
    0x08002a54   0x08002a54   0x00000012   Code   RO          890    i.TIM_OC3PreloadConfig  stm32f10x_tim.o
    0x08002a66   0x08002a66   0x00000002   PAD
    0x08002a68   0x08002a68   0x0000007c   Code   RO          892    i.TIM_OC4Init       stm32f10x_tim.o
    0x08002ae4   0x08002ae4   0x0000001a   Code   RO          894    i.TIM_OC4PreloadConfig  stm32f10x_tim.o
    0x08002afe   0x08002afe   0x00000002   PAD
    0x08002b00   0x08002b00   0x000000a4   Code   RO          919    i.TIM_TimeBaseInit  stm32f10x_tim.o
    0x08002ba4   0x08002ba4   0x0000019c   Code   RO         2266    i.USART1_Configuration  usart1.o
    0x08002d40   0x08002d40   0x000000a8   Code   RO         2267    i.USART1_IRQHandler  usart1.o
    0x08002de8   0x08002de8   0x00000134   Code   RO         2294    i.USART2_Configuration  usart2.o
    0x08002f1c   0x08002f1c   0x00000020   Code   RO         2295    i.USART2_IRQHandler  usart2.o
    0x08002f3c   0x08002f3c   0x0000010c   Code   RO         2320    i.USART3_Configuration  usart3.o
    0x08003048   0x08003048   0x00000068   Code   RO         2321    i.USART3_IRQHandler  usart3.o
    0x080030b0   0x080030b0   0x0000001e   Code   RO         1381    i.USART_ClearITPendingBit  stm32f10x_usart.o
    0x080030ce   0x080030ce   0x00000018   Code   RO         1384    i.USART_Cmd         stm32f10x_usart.o
    0x080030e6   0x080030e6   0x00000012   Code   RO         1385    i.USART_DMACmd      stm32f10x_usart.o
    0x080030f8   0x080030f8   0x0000009c   Code   RO         1386    i.USART_DeInit      stm32f10x_usart.o
    0x08003194   0x08003194   0x00000054   Code   RO         1388    i.USART_GetITStatus  stm32f10x_usart.o
    0x080031e8   0x080031e8   0x0000004a   Code   RO         1390    i.USART_ITConfig    stm32f10x_usart.o
    0x08003232   0x08003232   0x00000002   PAD
    0x08003234   0x08003234   0x000000d8   Code   RO         1391    i.USART_Init        stm32f10x_usart.o
    0x0800330c   0x0800330c   0x0000001c   Code   RO         2343    i.USB_HP_CAN1_TX_IRQHandler  can.o
    0x08003328   0x08003328   0x0000017c   Code   RO         2344    i.USB_LP_CAN1_RX0_IRQHandler  can.o
    0x080034a4   0x080034a4   0x00000004   Code   RO         2059    i.UsageFault_Handler  stm32f10x_it.o
    0x080034a8   0x080034a8   0x00000040   Code   RO         2377    i.Verify_CRC16_Check_Sum  algorithmofcrc.o
    0x080034e8   0x080034e8   0x0000002e   Code   RO         2378    i.Verify_CRC8_Check_Sum  algorithmofcrc.o
    0x08003516   0x08003516   0x00000028   Code   RO         2776    i.__ARM_fpclassify  m_ws.l(fpclassify.o)
    0x0800353e   0x0800353e   0x00000002   PAD
    0x08003540   0x08003540   0x00000388   Code   RO         2780    i.__ieee754_rem_pio2  m_ws.l(rred.o)
    0x080038c8   0x080038c8   0x000000fc   Code   RO         2759    i.__kernel_cos      m_ws.l(cos_i.o)
    0x080039c4   0x080039c4   0x000000aa   Code   RO         2778    i.__kernel_poly     m_ws.l(poly.o)
    0x08003a6e   0x08003a6e   0x00000002   PAD
    0x08003a70   0x08003a70   0x000000ec   Code   RO         2785    i.__kernel_sin      m_ws.l(sin_i.o)
    0x08003b5c   0x08003b5c   0x00000006   Code   RO         2763    i.__mathlib_dbl_infnan  m_ws.l(dunder.o)
    0x08003b62   0x08003b62   0x0000000c   Code   RO         2765    i.__mathlib_dbl_invalid  m_ws.l(dunder.o)
    0x08003b6e   0x08003b6e   0x00000002   PAD
    0x08003b70   0x08003b70   0x00000010   Code   RO         2768    i.__mathlib_dbl_underflow  m_ws.l(dunder.o)
    0x08003b80   0x08003b80   0x0000000e   Code   RO         2835    i.__scatterload_copy  mc_w.l(handlers.o)
    0x08003b8e   0x08003b8e   0x00000002   Code   RO         2836    i.__scatterload_null  mc_w.l(handlers.o)
    0x08003b90   0x08003b90   0x0000000e   Code   RO         2837    i.__scatterload_zeroinit  mc_w.l(handlers.o)
    0x08003b9e   0x08003b9e   0x00000002   PAD
    0x08003ba0   0x08003ba0   0x0000000c   Code   RO         2811    i.__set_errno       mc_w.l(errno.o)
    0x08003bac   0x08003bac   0x00000220   Code   RO         2705    i.atan              m_ws.l(atan.o)
    0x08003dcc   0x08003dcc   0x0000009c   Code   RO         2715    i.cos               m_ws.l(cos.o)
    0x08003e68   0x08003e68   0x0000001c   Code   RO         2112    i.delay_ms          main.o
    0x08003e84   0x08003e84   0x0000002c   Code   RO         2481    i.delay_ms_2        delay.o
    0x08003eb0   0x08003eb0   0x00000198   Code   RO         2582    i.get_accel_angle   ahrs.o
    0x08004048   0x08004048   0x00000228   Code   RO         2583    i.get_yaw           ahrs.o
    0x08004270   0x08004270   0x00000048   Code   RO         2113    i.gimbal_send_task  main.o
    0x080042b8   0x080042b8   0x0000001c   Code   RO         2114    i.main              main.o
    0x080042d4   0x080042d4   0x00000038   Code   RO         2558    i.pc_chassis2pc_gimbal_send_task  pc_task.o
    0x0800430c   0x0800430c   0x0000006c   Code   RO         2559    i.pc_gimbal2mcu_send_task  pc_task.o
    0x08004378   0x08004378   0x000000dc   Code   RO         2115    i.pitch_task        main.o
    0x08004454   0x08004454   0x000000a0   Code   RO         2723    i.sin               m_ws.l(sin.o)
    0x080044f4   0x080044f4   0x0000003c   Code   RO         2116    i.system_Config     main.o
    0x08004530   0x08004530   0x00000064   Code   RO         2117    i.system_Init       main.o
    0x08004594   0x08004594   0x000000e8   Code   RO         2584    i.yaw_filtering     ahrs.o
    0x0800467c   0x0800467c   0x00000020   Code   RO         2120    i.zero_check_init   main.o
    0x0800469c   0x0800469c   0x00000301   Data   RO         2379    .constdata          algorithmofcrc.o
    0x0800499d   0x0800499d   0x00000003   PAD
    0x080049a0   0x080049a0   0x00000098   Data   RO         2706    .constdata          m_ws.l(atan.o)
    0x08004a38   0x08004a38   0x00000030   Data   RO         2760    .constdata          m_ws.l(cos_i.o)
    0x08004a68   0x08004a68   0x000000c8   Data   RO         2782    .constdata          m_ws.l(rred.o)
    0x08004b30   0x08004b30   0x00000028   Data   RO         2786    .constdata          m_ws.l(sin_i.o)
    0x08004b58   0x08004b58   0x00000020   Data   RO         2833    Region$$Table       anon$$obj.o


    Execution Region RW_IRAM1 (Exec base: 0x20000000, Load base: 0x08004b78, Size: 0x00000950, Max: 0x00005000, ABSOLUTE, COMPRESSED[0x00000054])

    Exec Addr    Load Addr    Size         Type   Attr      Idx    E Section Name        Object

    0x20000000   COMPRESSED   0x00000014   Data   RW          664    .data               stm32f10x_rcc.o
    0x20000014   COMPRESSED   0x00000128   Data   RW         2122    .data               main.o
    0x2000013c   COMPRESSED   0x00000008   Data   RW         2269    .data               usart1.o
    0x20000144   COMPRESSED   0x00000004   Data   RW         2323    .data               usart3.o
    0x20000148   COMPRESSED   0x00000018   Data   RW         2345    .data               can.o
    0x20000160   COMPRESSED   0x00000002   Data   RW         2380    .data               algorithmofcrc.o
    0x20000162   COMPRESSED   0x00000002   PAD
    0x20000164   COMPRESSED   0x00000008   Data   RW         2482    .data               delay.o
    0x2000016c   COMPRESSED   0x00000004   Data   RW         2560    .data               pc_task.o
    0x20000170   COMPRESSED   0x00000108   Data   RW         2586    .data               ahrs.o
    0x20000278   COMPRESSED   0x00000030   Data   RW         2628    .data               adis16448.o
    0x200002a8   COMPRESSED   0x00000004   Data   RW         2812    .data               mc_w.l(errno.o)
    0x200002ac        -       0x00000014   Zero   RW         2121    .bss                main.o
    0x200002c0        -       0x00000037   Zero   RW         2268    .bss                usart1.o
    0x200002f7        -       0x00000012   Zero   RW         2296    .bss                usart2.o
    0x20000309        -       0x00000012   Zero   RW         2322    .bss                usart3.o
    0x2000031b   COMPRESSED   0x00000001   PAD
    0x2000031c        -       0x0000002c   Zero   RW         2533    .bss                gyrotask.o
    0x20000348        -       0x000001d0   Zero   RW         2585    .bss                ahrs.o
    0x20000518        -       0x00000034   Zero   RW         2680    .bss                remotetask.o
    0x2000054c   COMPRESSED   0x00000004   PAD
    0x20000550        -       0x00000400   Zero   RW           94    STACK               startup_stm32f10x_md.o


==============================================================================

Image component sizes


      Code (inc. data)   RO Data    RW Data    ZI Data      Debug   Object Name

       802        100          0         48          0       5075   adis16448.o
      2612        298          0        264        464       6611   ahrs.o
       246         20        769          2          0       4118   algorithmofcrc.o
       692         42          0         24          0       2187   can.o
         0          0          0          0          0         32   core_cm3.o
       196         10          0          8          0       1708   delay.o
       188          8          0          0          0        650   frictionwheel.o
       388         10          0          0         44        844   gyrotask.o
        56          6          0          0          0        490   laser.o
        52          6          0          0          0        480   led.o
       656         90          0        296         20      24019   main.o
       132         22          0          0          0       1427   misc.o
       164         22          0          4          0       1525   pc_task.o
       128          0          0          0          0        863   pid.o
       364         10          0          0         52        985   remotetask.o
        52          6          0          0          0        511   solenoidsw.o
       228         16          0          0          0       1129   spi.o
        36          8        236          0       1024        784   startup_stm32f10x_md.o
      1622         22          0          0          0       6571   stm32f10x_can.o
       518         26          0          0          0       5951   stm32f10x_dma.o
       200         18          0          0          0       1964   stm32f10x_exti.o
       350          4          0          0          0       3478   stm32f10x_gpio.o
        24          0          0          0          0       3324   stm32f10x_it.o
       372         50          0         20          0       5876   stm32f10x_rcc.o
       112          0          0          0          0      10502   stm32f10x_spi.o
       604         62          0          0          0       6827   stm32f10x_tim.o
       602         28          0          0          0       6010   stm32f10x_usart.o
       328         28          0          0          0     273213   system_stm32f10x.o
       632         52          0          8         55       2641   usart1.o
       448         28          0          0         18       2373   usart2.o
       372         38          0          4         18       1760   usart3.o

    ----------------------------------------------------------------------
     13194       1030       1040        680       1700     383928   Object Totals
         0          0         32          0          0          0   (incl. Generated)
        18          0          3          2          5          0   (incl. Padding)

    ----------------------------------------------------------------------

      Code (inc. data)   RO Data    RW Data    ZI Data      Debug   Library Member Name

       544         70        152          0          0        124   atan.o
       156          8          0          0          0        104   cos.o
       252         22         48          0          0        124   cos_i.o
        34          6          0          0          0        204   dunder.o
        40          0          0          0          0         68   fpclassify.o
       170          0          0          0          0         96   poly.o
       904         76        200          0          0        140   rred.o
       160         10          0          0          0        108   sin.o
       236         12         40          0          0        128   sin_i.o
        86          0          0          0          0          0   __dczerorl2.o
         0          0          0          0          0          0   entry.o
         0          0          0          0          0          0   entry10a.o
         0          0          0          0          0          0   entry11a.o
         8          4          0          0          0          0   entry2.o
         4          0          0          0          0          0   entry5.o
         0          0          0          0          0          0   entry7b.o
         0          0          0          0          0          0   entry8b.o
         8          4          0          0          0          0   entry9a.o
        12          6          0          4          0         68   errno.o
        30          0          0          0          0          0   handlers.o
        36          8          0          0          0         68   init.o
         0          0          0          0          0          0   iusefp.o
        30          0          0          0          0         68   llshl.o
        36          0          0          0          0         68   llsshr.o
        32          0          0          0          0         68   llushr.o
        20          0          0          0          0         68   cfcmple.o
        20          0          0          0          0         68   cfrcmple.o
        56          0          0          0          0         88   d2f.o
       334          0          0          0          0        148   dadd.o
       222          0          0          0          0        100   ddiv.o
       186          0          0          0          0        176   depilogue.o
        62          0          0          0          0         80   dfixi.o
        34          0          0          0          0         76   dflti.o
        26          0          0          0          0         76   dfltui.o
       228          0          0          0          0         96   dmul.o
        46          0          0          0          0         80   dscalb.o
        38          0          0          0          0         68   f2d.o
       176          0          0          0          0        140   fadd.o
       124          0          0          0          0         88   fdiv.o
       110          0          0          0          0        168   fepilogue.o
        50          0          0          0          0         68   ffixi.o
        18          0          0          0          0         68   fflti.o
        10          0          0          0          0         68   ffltui.o
       100          0          0          0          0         76   fmul.o

    ----------------------------------------------------------------------
      4646        226        440          4          0       3236   Library Totals
         8          0          0          0          0          0   (incl. Padding)

    ----------------------------------------------------------------------

      Code (inc. data)   RO Data    RW Data    ZI Data      Debug   Library Name

      2496        204        440          0          0       1096   m_ws.l
       282         22          0          4          0        340   mc_w.l
      1860          0          0          0          0       1800   mf_w.l

    ----------------------------------------------------------------------
      4646        226        440          4          0       3236   Library Totals

    ----------------------------------------------------------------------

==============================================================================


      Code (inc. data)   RO Data    RW Data    ZI Data      Debug   

     17840       1256       1480        684       1700     379856   Grand Totals
     17840       1256       1480         84       1700     379856   ELF Image Totals (compressed)
     17840       1256       1480         84          0          0   ROM Totals

==============================================================================

    Total RO  Size (Code + RO Data)                19320 (  18.87kB)
    Total RW  Size (RW Data + ZI Data)              2384 (   2.33kB)
    Total ROM Size (Code + RO Data + RW Data)      19404 (  18.95kB)

==============================================================================

